
The following have been reloaded with a version change:
  1) FFTW/3.3.10-GCC-13.2.0 => FFTW/3.3.10-GCC-12.3.0
  2) FlexiBLAS/3.3.1-GCC-13.2.0 => FlexiBLAS/3.3.1-GCC-12.3.0
  3) GCC/13.2.0 => GCC/12.3.0
  4) GCCcore/13.2.0 => GCCcore/12.3.0
  5) OpenBLAS/0.3.24-GCC-13.2.0 => OpenBLAS/0.3.23-GCC-12.3.0
  6) XZ/5.4.4-GCCcore-13.2.0 => XZ/5.4.2-GCCcore-12.3.0
  7) binutils/2.40-GCCcore-13.2.0 => binutils/2.40-GCCcore-12.3.0
  8) libpciaccess/0.17-GCCcore-13.2.0 => libpciaccess/0.17-GCCcore-12.3.0
  9) zlib/1.2.13-GCCcore-13.2.0 => zlib/1.2.13-GCCcore-12.3.0

mkdir: cannot create directory ‘plots’: File exists
rm -rf bin/*
g++ -std=c++17 -ggdb -Iinclude -O3 -funroll-all-loops -Iinclude src/src_serial/vtimer_t.cpp src/src_serial/rng.cpp src/src_serial/main.cpp -o bin/main_serial 
Running with L = 500 and r = 1.234 and sf = 5000000

Number of circles: 28267, Packing Fraction = 0.540904, Time = 510.318551

real	8m30.368s
user	8m28.690s
sys	0m0.010s
Plotting points now!

Job completed at Mon Dec 16 12:45:12 GMT 2024

============================
 Job utilisation efficiency
============================

Job ID: 14329350
Cluster: viking2.yor.alces.network
User/Group: bmjm501/clusterusers
State: COMPLETED (exit code 0)
Cores: 1
CPU Utilized: 00:10:40
CPU Efficiency: 99.69% of 00:10:42 core-walltime
Job Wall-clock time: 00:10:42
Memory Utilized: 352.40 MB
Memory Efficiency: 6.57% of 5.24 GB
 Requested wall clock time: 00:20:00
    Actual wall clock time: 00:10:42
Wall clock time efficiency: 53.5%
           Job queued time: 00:00:01
