
The following have been reloaded with a version change:
  1) FFTW/3.3.10-GCC-13.2.0 => FFTW/3.3.10-GCC-12.3.0
  2) FlexiBLAS/3.3.1-GCC-13.2.0 => FlexiBLAS/3.3.1-GCC-12.3.0
  3) GCC/13.2.0 => GCC/12.3.0
  4) GCCcore/13.2.0 => GCCcore/12.3.0
  5) OpenBLAS/0.3.24-GCC-13.2.0 => OpenBLAS/0.3.23-GCC-12.3.0
  6) XZ/5.4.4-GCCcore-13.2.0 => XZ/5.4.2-GCCcore-12.3.0
  7) binutils/2.40-GCCcore-13.2.0 => binutils/2.40-GCCcore-12.3.0
  8) libpciaccess/0.17-GCCcore-13.2.0 => libpciaccess/0.17-GCCcore-12.3.0
  9) zlib/1.2.13-GCCcore-13.2.0 => zlib/1.2.13-GCCcore-12.3.0


Job completed at Wed Dec 11 15:41:42 GMT 2024

============================
 Job utilisation efficiency
============================

Job ID: 14270618
Cluster: viking2.yor.alces.network
User/Group: bmjm501/clusterusers
State: COMPLETED (exit code 0)
Cores: 1
CPU Utilized: 00:02:09
CPU Efficiency: 98.47% of 00:02:11 core-walltime
Job Wall-clock time: 00:02:11
Memory Utilized: 365.41 MB
Memory Efficiency: 6.81% of 5.24 GB
 Requested wall clock time: 00:20:00
    Actual wall clock time: 00:02:11
Wall clock time efficiency: 10.9%
           Job queued time: 00:00:19
