
The following have been reloaded with a version change:
  1) FFTW/3.3.10-GCC-13.2.0 => FFTW/3.3.10-GCC-12.3.0
  2) FlexiBLAS/3.3.1-GCC-13.2.0 => FlexiBLAS/3.3.1-GCC-12.3.0
  3) GCC/13.2.0 => GCC/12.3.0
  4) GCCcore/13.2.0 => GCCcore/12.3.0
  5) OpenBLAS/0.3.24-GCC-13.2.0 => OpenBLAS/0.3.23-GCC-12.3.0
  6) XZ/5.4.4-GCCcore-13.2.0 => XZ/5.4.2-GCCcore-12.3.0
  7) binutils/2.40-GCCcore-13.2.0 => binutils/2.40-GCCcore-12.3.0
  8) libpciaccess/0.17-GCCcore-13.2.0 => libpciaccess/0.17-GCCcore-12.3.0
  9) zlib/1.2.13-GCCcore-13.2.0 => zlib/1.2.13-GCCcore-12.3.0

Traceback (most recent call last):
  File "/mnt/scratch/users/bmjm501/scientific_sc_2425/assignments/final/Q4/graphing/graph.py", line 110, in <module>
    plot_p_fractions(p_fractions, sampling_frequency)
  File "/mnt/scratch/users/bmjm501/scientific_sc_2425/assignments/final/Q4/graphing/graph.py", line 72, in plot_p_fractions
    plt.savefig("./plots/p_fraction_convergence.png", dpi=300)
  File "/opt/apps/eb/software/matplotlib/3.7.2-gfbf-2023a/lib/python3.11/site-packages/matplotlib/pyplot.py", line 1023, in savefig
    res = fig.savefig(*args, **kwargs)
          ^^^^^^^^^^^^^^^^^^^^^^^^^^^^
  File "/opt/apps/eb/software/matplotlib/3.7.2-gfbf-2023a/lib/python3.11/site-packages/matplotlib/figure.py", line 3378, in savefig
    self.canvas.print_figure(fname, **kwargs)
  File "/opt/apps/eb/software/matplotlib/3.7.2-gfbf-2023a/lib/python3.11/site-packages/matplotlib/backend_bases.py", line 2366, in print_figure
    result = print_method(
             ^^^^^^^^^^^^^
  File "/opt/apps/eb/software/matplotlib/3.7.2-gfbf-2023a/lib/python3.11/site-packages/matplotlib/backend_bases.py", line 2232, in <lambda>
    print_method = functools.wraps(meth)(lambda *args, **kwargs: meth(
                                                                 ^^^^^
  File "/opt/apps/eb/software/matplotlib/3.7.2-gfbf-2023a/lib/python3.11/site-packages/matplotlib/backends/backend_agg.py", line 509, in print_png
    self._print_pil(filename_or_obj, "png", pil_kwargs, metadata)
  File "/opt/apps/eb/software/matplotlib/3.7.2-gfbf-2023a/lib/python3.11/site-packages/matplotlib/backends/backend_agg.py", line 458, in _print_pil
    mpl.image.imsave(
  File "/opt/apps/eb/software/matplotlib/3.7.2-gfbf-2023a/lib/python3.11/site-packages/matplotlib/image.py", line 1689, in imsave
    image.save(fname, **pil_kwargs)
  File "/opt/apps/eb/software/Pillow/10.0.0-GCCcore-12.3.0/lib/python3.11/site-packages/PIL/Image.py", line 2410, in save
    fp = builtins.open(filename, "w+b")
         ^^^^^^^^^^^^^^^^^^^^^^^^^^^^^^
FileNotFoundError: [Errno 2] No such file or directory: './plots/p_fraction_convergence.png'

Job completed at Wed Dec 11 15:36:41 GMT 2024

============================
 Job utilisation efficiency
============================

Job ID: 14270615
Cluster: viking2.yor.alces.network
User/Group: bmjm501/clusterusers
State: COMPLETED (exit code 0)
Cores: 1
CPU Utilized: 00:00:01
CPU Efficiency: 33.33% of 00:00:03 core-walltime
Job Wall-clock time: 00:00:03
Memory Utilized: 1.74 MB
Memory Efficiency: 0.03% of 5.24 GB
 Requested wall clock time: 00:20:00
    Actual wall clock time: 00:00:03
Wall clock time efficiency: 0.2%
           Job queued time: 00:00:03
