My working directory is /users/bmjm501/scratch/scientific_sc_2425/ppqs/5_ppq
Running job on host:
	node002.viking2.yor.alces.network at Mon Nov 18 09:46:49 GMT 2024
	with 4 CPU cores available
	using OMP threads

/var/spool/slurmd.spool/job13621598/slurm_script: line 31: ./a.out: No such file or directory
rm: cannot remove './a.out': No such file or directory

Job completed at Mon Nov 18 09:46:51 GMT 2024

============================
 Job utilisation efficiency
============================

Job ID: 13621598
Cluster: viking2.yor.alces.network
User/Group: bmjm501/clusterusers
State: COMPLETED (exit code 0)
Nodes: 1
Cores per node: 4
CPU Utilized: 00:00:01
CPU Efficiency: 12.50% of 00:00:08 core-walltime
Job Wall-clock time: 00:00:02
Memory Utilized: 3.96 MB
Memory Efficiency: 0.02% of 20.96 GB
 Requested wall clock time: 00:05:00
    Actual wall clock time: 00:00:02
Wall clock time efficiency: 0.7%
           Job queued time: 00:00:03
