My working directory is /users/bmjm501/scratch/scientific_sc_2425/ppqs/3_ppq
Running job on host:
	node002.viking2.yor.alces.network at Mon Oct 21 13:47:05 BST 2024
	with 20 CPU cores available
	using OMP threads

Replaced 'XT' with 'VIKING' in ./bin/get_times.sh
Replaced 'XT' with 'VIKING' in ./src/Q3_bmjm501_main.cpp
Replaced 'XT' with 'VIKING' in ./analysis/graph.py
Performing operations with modified files...
[H[2J[3Jrm: cannot remove './results/parra_times_VIKING.txt': No such file or directory
g++ -std=c++17 -ggdb -Iinclude -fopenmp -Iinclude src/Q3_bmjm501_main.cpp src/vtimer_t.cpp src/test.cpp -o bin/main 
Running main with OMP_NUM_THREADS=1
Running main with OMP_NUM_THREADS=2
Running main with OMP_NUM_THREADS=3
Running main with OMP_NUM_THREADS=4
Running main with OMP_NUM_THREADS=5
Running main with OMP_NUM_THREADS=6
Running main with OMP_NUM_THREADS=7
Running main with OMP_NUM_THREADS=8
Running main with OMP_NUM_THREADS=9
Running main with OMP_NUM_THREADS=10
Running main with OMP_NUM_THREADS=11
Running main with OMP_NUM_THREADS=12
Running main with OMP_NUM_THREADS=13
Running main with OMP_NUM_THREADS=14
Running main with OMP_NUM_THREADS=15
Running main with OMP_NUM_THREADS=16
Running main with OMP_NUM_THREADS=17
Running main with OMP_NUM_THREADS=18
Running main with OMP_NUM_THREADS=19
Running main with OMP_NUM_THREADS=20
Restored 'VIKING' back to 'XT' in ./bin/get_times.sh
Restored 'VIKING' back to 'XT' in ./src/Q3_bmjm501_main.cpp
Restored 'VIKING' back to 'XT' in ./analysis/graph.py
Restored 'XT' in all files.

Job completed at Mon Oct 21 13:48:29 BST 2024

============================
 Job utilisation efficiency
============================

Job ID: 12677646
Cluster: viking2.yor.alces.network
User/Group: bmjm501/clusterusers
State: COMPLETED (exit code 0)
Nodes: 1
Cores per node: 20
CPU Utilized: 00:08:45
CPU Efficiency: 30.52% of 00:28:40 core-walltime
Job Wall-clock time: 00:01:26
Memory Utilized: 39.23 MB
Memory Efficiency: 0.04% of 104.79 GB
 Requested wall clock time: 00:05:00
    Actual wall clock time: 00:01:26
Wall clock time efficiency: 28.7%
           Job queued time: 00:00:24
