Mean radius: 3.62783
System size: 115.176
slurmstepd: error: *** JOB 14757617 ON node002 CANCELLED AT 2025-01-08T15:40:11 DUE TO TIME LIMIT ***

============================
 Job utilisation efficiency
============================

Job ID: 14757617
Cluster: viking2.yor.alces.network
User/Group: bmjm501/clusterusers
State: TIMEOUT (exit code 0)
Nodes: 1
Cores per node: 96
CPU Utilized: 00:00:01
CPU Efficiency: 0.00% of 1-08:00:00 core-walltime
Job Wall-clock time: 00:20:00
Memory Utilized: 8.88 MB
Memory Efficiency: 0.00% of 502.97 GB
 Requested wall clock time: 00:20:00
    Actual wall clock time: 00:20:00
Wall clock time efficiency: 100.0%
           Job queued time: 00:00:16
