Mean radius: 3.62783
System size: 115.176
slurmstepd: error: *** JOB 14757510 ON node002 CANCELLED AT 2025-01-08T14:38:36 DUE TO TIME LIMIT ***

============================
 Job utilisation efficiency
============================

Job ID: 14757510
Cluster: viking2.yor.alces.network
User/Group: bmjm501/clusterusers
State: TIMEOUT (exit code 0)
Nodes: 1
Cores per node: 96
CPU Utilized: 00:00:01
CPU Efficiency: 0.00% of 1-08:33:36 core-walltime
Job Wall-clock time: 00:20:21
Memory Utilized: 8.88 MB
Memory Efficiency: 0.00% of 502.97 GB
 Requested wall clock time: 00:20:00
    Actual wall clock time: 00:20:21
Wall clock time efficiency: 101.8%
           Job queued time: 00:00:17
