Running with 3 threads...
Mean radius: 3.62783
System size: 115.176
Final box size: 115.176
Box size change: 0.0575882
Final density: 0.54339
Elapsed Time: 298.072
Differences above (if any)
-----------------------------------

Job completed at Wed Jan 8 16:53:59 GMT 2025

============================
 Job utilisation efficiency
============================

Job ID: 14762740
Cluster: viking2.yor.alces.network
User/Group: bmjm501/clusterusers
State: COMPLETED (exit code 0)
Nodes: 1
Cores per node: 3
CPU Utilized: 00:14:52
CPU Efficiency: 99.78% of 00:14:54 core-walltime
Job Wall-clock time: 00:04:58
Memory Utilized: 11.45 MB
Memory Efficiency: 0.07% of 15.72 GB
 Requested wall clock time: 00:20:00
    Actual wall clock time: 00:04:58
Wall clock time efficiency: 24.8%
           Job queued time: 00:00:27
