My working directory is /users/bmjm501/scratch/scientific_sc_2425/assignments/mini
Running job on host:
	node002.viking2.yor.alces.network at Wed Nov 6 21:17:51 GMT 2024
	using 5 MPI tasks

'XT' not found in ./Makefile.
'YT' not found in ./Makefile.
rm -rf bin/*
mpic++ -std=c++17 -Iinclude -fopenmp -Iinclude src/src_parallel/parallel.cpp src/src_parallel/vtimer_t.cpp src/src_parallel/helper.cpp src/src_parallel/main.cpp -o bin/main 
rm: cannot remove './logs/parallel/**': No such file or directory
mv: cannot stat './Makefile.bak': No such file or directory
Executing
Value = 4.1715298749715810 after 34618 iterations, tol = 0.0000000000010000, time = 4.632271

Job completed at Wed Nov 6 21:17:59 GMT 2024

============================
 Job utilisation efficiency
============================

Job ID: 13387661
Cluster: viking2.yor.alces.network
User/Group: bmjm501/clusterusers
State: COMPLETED (exit code 0)
Nodes: 1
Cores per node: 5
CPU Utilized: 00:00:27
CPU Efficiency: 67.50% of 00:00:40 core-walltime
Job Wall-clock time: 00:00:08
Memory Utilized: 3.96 MB
Memory Efficiency: 0.01% of 26.20 GB
 Requested wall clock time: 00:05:00
    Actual wall clock time: 00:00:08
Wall clock time efficiency: 2.7%
           Job queued time: 00:00:10
