My working directory is /users/bmjm501/scratch/scientific_sc_2425/assignments/mini
Running job on host:
	node002.viking2.yor.alces.network at Wed Oct 30 22:48:33 GMT 2024
	using 4 MPI tasks

Replacing 'XT' with 'g++' in ./Makefile...
Replacing 'YT' with 'src_parallel' in ./Makefile...
rm -rf bin/*
mpic++ -std=c++17 -ggdb -Iinclude -fopenmp -Iinclude src_parallel/parallel.cpp src_parallel/helper.cpp src_parallel/main.cpp -o bin/main 
Executing

Job completed at Wed Oct 30 22:48:36 GMT 2024

============================
 Job utilisation efficiency
============================

Job ID: 12940891
Cluster: viking2.yor.alces.network
User/Group: bmjm501/clusterusers
State: COMPLETED (exit code 0)
Nodes: 1
Cores per node: 4
CPU Utilized: 00:00:02
CPU Efficiency: 16.67% of 00:00:12 core-walltime
Job Wall-clock time: 00:00:03
Memory Utilized: 3.96 MB
Memory Efficiency: 0.02% of 20.96 GB
 Requested wall clock time: 00:05:00
    Actual wall clock time: 00:00:03
Wall clock time efficiency: 1.0%
           Job queued time: 00:00:01
