g++ -std=c++17 -ggdb -Iinclude -O3 -funroll-all-loops -fopenmp -Iinclude/include_serial src/src_parallel/rng.cpp src/src_parallel/main.cpp -o bin/main_parallel 
Running with L = 5000, r = 1, and sf = 100000
slurmstepd: error: *** JOB 14741393 ON node004 CANCELLED AT 2025-01-07T17:12:08 DUE TO TIME LIMIT ***

============================
 Job utilisation efficiency
============================

Job ID: 14741393
Cluster: viking2.yor.alces.network
User/Group: bmjm501/clusterusers
State: TIMEOUT (exit code 0)
Nodes: 1
Cores per node: 96
CPU Utilized: 00:00:00
CPU Efficiency: 0.00% of 1-08:33:36 core-walltime
Job Wall-clock time: 00:20:21
Memory Utilized: 448.82 MB
Memory Efficiency: 0.09% of 502.97 GB
 Requested wall clock time: 00:20:00
    Actual wall clock time: 00:20:21
Wall clock time efficiency: 101.8%
           Job queued time: 00:00:00
