g++ -std=c++17 -ggdb -Iinclude -O3 -funroll-all-loops -fopenmp -DVIK -Iinclude/include_serial src/src_parallel/rng.cpp src/src_parallel/main.cpp -o bin/main_parallel_vik 
Running with 96 threads and job ID 14737434...
Running with L = 500, r = 1, and sf = 100000
Mean number of circles: 41069, Mean Packing Fraction: 0.516088, Mean Elapsed Time: 6.162410

Job completed at Tue Jan 7 10:27:22 GMT 2025

============================
 Job utilisation efficiency
============================

Job ID: 14737434
Cluster: viking2.yor.alces.network
User/Group: bmjm501/clusterusers
State: COMPLETED (exit code 0)
Nodes: 1
Cores per node: 96
CPU Utilized: 00:49:09
CPU Efficiency: 93.09% of 00:52:48 core-walltime
Job Wall-clock time: 00:00:33
Memory Utilized: 18.98 MB
Memory Efficiency: 0.00% of 502.97 GB
 Requested wall clock time: 00:20:00
    Actual wall clock time: 00:00:33
Wall clock time efficiency: 2.8%
           Job queued time: 00:00:14
