g++ -std=c++17 -ggdb -Iinclude -O3 -funroll-all-loops -fopenmp -DVIK -Iinclude/include_serial src/src_parallel/rng.cpp src/src_parallel/main.cpp -o bin/main_parallel_vik 
Running with 8 threads and job ID 1...
Running with L = 500, r = 1.234, and sf = 1000000
Running with 16 threads and job ID 1...
Running with L = 500, r = 1.234, and sf = 1000000
Running with 32 threads and job ID 1...
Running with L = 500, r = 1.234, and sf = 1000000

Job completed at Tue Jan 7 15:01:56 GMT 2025

============================
 Job utilisation efficiency
============================

Job ID: 14740951
Cluster: viking2.yor.alces.network
User/Group: bmjm501/clusterusers
State: COMPLETED (exit code 0)
Nodes: 1
Cores per node: 32
CPU Utilized: 00:42:13
CPU Efficiency: 46.02% of 01:31:44 core-walltime
Job Wall-clock time: 00:02:52
Memory Utilized: 35.54 MB
Memory Efficiency: 0.02% of 167.66 GB
 Requested wall clock time: 00:20:00
    Actual wall clock time: 00:02:52
Wall clock time efficiency: 14.3%
           Job queued time: 00:00:41
