g++ -std=c++17 -ggdb -Iinclude -O3 -funroll-all-loops -fopenmp -DVIK -Iinclude/include_serial src/src_parallel/rng.cpp src/src_parallel/main.cpp -o bin/main_parallel_vik 
Running with 96 threads and job ID 14737517...
Running with L = 800, r = 1, and sf = 100000
Mean number of circles: 106327, Mean Packing Fraction: 0.521931, Mean Elapsed Time: 11.403005

Job completed at Tue Jan 7 10:40:34 GMT 2025

============================
 Job utilisation efficiency
============================

Job ID: 14737517
Cluster: viking2.yor.alces.network
User/Group: bmjm501/clusterusers
State: COMPLETED (exit code 0)
Nodes: 1
Cores per node: 96
CPU Utilized: 01:30:31
CPU Efficiency: 94.29% of 01:36:00 core-walltime
Job Wall-clock time: 00:01:00
Memory Utilized: 23.47 MB
Memory Efficiency: 0.00% of 502.97 GB
 Requested wall clock time: 00:20:00
    Actual wall clock time: 00:01:00
Wall clock time efficiency: 5.0%
           Job queued time: 00:00:01
