g++ -std=c++17 -ggdb -Iinclude -O3 -funroll-all-loops -fopenmp -Iinclude/include_serial src/src_parallel/rng.cpp src/src_parallel/main.cpp -o bin/main_parallel 
Running with 95 threads and job ID 14716721...
File add on 14716721
Running with L = 500, r = 1.234, and sf = 10

Number of circles: 8650, Packing Fraction = 0.165522, Time = 0.114171
Running with 96 threads and job ID 14716721...
File add on 14716721
Running with L = 500, r = 1.234, and sf = 10

Number of circles: 8583, Packing Fraction = 0.164240, Time = 0.343360
Execution completed for all thread configurations from 95 to 96.

Job completed at Mon Jan 6 14:14:40 GMT 2025

============================
 Job utilisation efficiency
============================

Job ID: 14716721
Cluster: viking2.yor.alces.network
User/Group: bmjm501/clusterusers
State: COMPLETED (exit code 0)
Nodes: 1
Cores per node: 96
CPU Utilized: 00:00:48
CPU Efficiency: 16.67% of 00:04:48 core-walltime
Job Wall-clock time: 00:00:03
Memory Utilized: 4.06 MB
Memory Efficiency: 0.00% of 502.97 GB
 Requested wall clock time: 00:20:00
    Actual wall clock time: 00:00:03
Wall clock time efficiency: 0.2%
           Job queued time: 00:00:00
