g++ -std=c++17 -ggdb -Iinclude -O3 -funroll-all-loops -fopenmp -DVIK -Iinclude/include_serial src/src_parallel/rng.cpp src/src_parallel/main.cpp -o bin/main_parallel_vik 
Running with 1 threads and job ID 14741332...
Running with L = 1000, r = 17, and sf = 100000
Running with 96 threads and job ID 14741332...
Running with L = 1000, r = 17, and sf = 100000

Job completed at Tue Jan 7 16:31:04 GMT 2025

============================
 Job utilisation efficiency
============================

Job ID: 14741332
Cluster: viking2.yor.alces.network
User/Group: bmjm501/clusterusers
State: COMPLETED (exit code 0)
Nodes: 1
Cores per node: 96
CPU Utilized: 00:00:23
CPU Efficiency: 11.98% of 00:03:12 core-walltime
Job Wall-clock time: 00:00:02
Memory Utilized: 4.06 MB
Memory Efficiency: 0.00% of 502.97 GB
 Requested wall clock time: 00:20:00
    Actual wall clock time: 00:00:02
Wall clock time efficiency: 0.2%
           Job queued time: 00:06:11
