
The following have been reloaded with a version change:
  1) FFTW/3.3.10-GCC-13.2.0 => FFTW/3.3.10-GCC-12.3.0
  2) FlexiBLAS/3.3.1-GCC-13.2.0 => FlexiBLAS/3.3.1-GCC-12.3.0
  3) GCC/13.2.0 => GCC/12.3.0
  4) GCCcore/13.2.0 => GCCcore/12.3.0
  5) OpenBLAS/0.3.24-GCC-13.2.0 => OpenBLAS/0.3.23-GCC-12.3.0
  6) XZ/5.4.4-GCCcore-13.2.0 => XZ/5.4.2-GCCcore-12.3.0
  7) binutils/2.40-GCCcore-13.2.0 => binutils/2.40-GCCcore-12.3.0
  8) libpciaccess/0.17-GCCcore-13.2.0 => libpciaccess/0.17-GCCcore-12.3.0
  9) zlib/1.2.13-GCCcore-13.2.0 => zlib/1.2.13-GCCcore-12.3.0

mkdir: cannot create directory ‘plots’: File exists
g++ -std=c++17 -ggdb -Iinclude -O3 -funroll-all-loops -fopenmp -Iinclude/include_serial src/src_parallel/rng.cpp src/src_parallel/main.cpp -o bin/main_parallel 
Running with L = 500, r = 1.234, and sf = 100000

Number of circles: 27820, Packing Fraction = 0.532350, Time = 1.840571

real	0m1.912s
user	1m26.892s
sys	0m0.067s
Plotting points now!

Job completed at Tue Dec 31 14:14:13 GMT 2024

============================
 Job utilisation efficiency
============================

Job ID: 14567373
Cluster: viking2.yor.alces.network
User/Group: bmjm501/clusterusers
State: COMPLETED (exit code 0)
Nodes: 1
Cores per node: 48
CPU Utilized: 00:03:40
CPU Efficiency: 3.42% of 01:47:12 core-walltime
Job Wall-clock time: 00:02:14
Memory Utilized: 346.06 MB
Memory Efficiency: 0.13% of 251.48 GB
 Requested wall clock time: 00:20:00
    Actual wall clock time: 00:02:14
Wall clock time efficiency: 11.2%
           Job queued time: 00:00:00
