g++ -std=c++17 -ggdb -Iinclude -O3 -funroll-all-loops -fopenmp -Iinclude/include_serial src/src_parallel/rng.cpp src/src_parallel/main.cpp -o bin/main_parallel 
Running with 1 threads and job ID 14737626...
Running with L = 600, r = 1, and sf = 100000

Number of circles: 59432, Packing Fraction = 0.518642, Time = 134.451639
mv: cannot stat 'mean_sizes_14737626.txt': No such file or directory
mv: cannot stat 'mean_times_14737626.txt': No such file or directory

Job completed at Tue Jan 7 11:00:00 GMT 2025

============================
 Job utilisation efficiency
============================

Job ID: 14737626
Cluster: viking2.yor.alces.network
User/Group: bmjm501/clusterusers
State: COMPLETED (exit code 0)
Nodes: 1
Cores per node: 96
CPU Utilized: 00:02:16
CPU Efficiency: 1.04% of 03:37:36 core-walltime
Job Wall-clock time: 00:02:16
Memory Utilized: 19.61 MB
Memory Efficiency: 0.00% of 502.97 GB
 Requested wall clock time: 00:20:00
    Actual wall clock time: 00:02:16
Wall clock time efficiency: 11.3%
           Job queued time: 00:00:01
