g++ -std=c++17 -ggdb -Iinclude -O3 -funroll-all-loops -fopenmp -DVIK -Iinclude/include_serial src/src_parallel/rng.cpp src/src_parallel/main.cpp -o bin/main_parallel_vik 
Running with 1 threads and job ID 14741428...
Running with L = 500, r = 1, and sf = 10000
Running with 96 threads and job ID 14741428...
Running with L = 500, r = 1, and sf = 10000

Job completed at Tue Jan 7 17:16:46 GMT 2025

============================
 Job utilisation efficiency
============================

Job ID: 14741428
Cluster: viking2.yor.alces.network
User/Group: bmjm501/clusterusers
State: COMPLETED (exit code 0)
Nodes: 1
Cores per node: 96
CPU Utilized: 00:02:02
CPU Efficiency: 7.48% of 00:27:12 core-walltime
Job Wall-clock time: 00:00:17
Memory Utilized: 4.06 MB
Memory Efficiency: 0.00% of 502.97 GB
 Requested wall clock time: 00:20:00
    Actual wall clock time: 00:00:17
Wall clock time efficiency: 1.4%
           Job queued time: 00:05:54
