g++ -std=c++17 -ggdb -Iinclude -O3 -funroll-all-loops -fopenmp -Iinclude/include_serial src/src_parallel/rng.cpp src/src_parallel/main.cpp -o bin/main_parallel 
Running with 96 threads and job ID 14736653...
Running with L = 1000, r = 2, and sf = 100000

Number of circles: 41022, Packing Fraction = 0.515498, Time = 5.502845
mv: cannot stat 'mean_sizes_14736653.txt': No such file or directory
mv: cannot stat 'mean_times_14736653.txt': No such file or directory

Job completed at Tue Jan 7 10:15:16 GMT 2025

============================
 Job utilisation efficiency
============================

Job ID: 14736653
Cluster: viking2.yor.alces.network
User/Group: bmjm501/clusterusers
State: COMPLETED (exit code 0)
Nodes: 1
Cores per node: 96
CPU Utilized: 00:08:50
CPU Efficiency: 42.47% of 00:20:48 core-walltime
Job Wall-clock time: 00:00:13
Memory Utilized: 4.06 MB
Memory Efficiency: 0.00% of 502.97 GB
 Requested wall clock time: 00:20:00
    Actual wall clock time: 00:00:13
Wall clock time efficiency: 1.1%
           Job queued time: 00:00:00
