g++ -std=c++17 -ggdb -Iinclude -O3 -funroll-all-loops -fopenmp -DVIK -Iinclude/include_serial src/src_parallel/rng.cpp src/src_parallel/main.cpp -o bin/main_parallel_vik 
Running with 96 threads and job ID 14737443...
Running with L = 250, r = 3, and sf = 100000
Mean number of circles: 1024, Mean Packing Fraction: 0.463247, Mean Elapsed Time: 0.684059

Job completed at Tue Jan 7 10:27:38 GMT 2025

============================
 Job utilisation efficiency
============================

Job ID: 14737443
Cluster: viking2.yor.alces.network
User/Group: bmjm501/clusterusers
State: COMPLETED (exit code 0)
Nodes: 1
Cores per node: 96
CPU Utilized: 00:05:35
CPU Efficiency: 58.16% of 00:09:36 core-walltime
Job Wall-clock time: 00:00:06
Memory Utilized: 4.06 MB
Memory Efficiency: 0.00% of 502.97 GB
 Requested wall clock time: 00:20:00
    Actual wall clock time: 00:00:06
Wall clock time efficiency: 0.5%
           Job queued time: 00:00:01
