g++ -std=c++17 -ggdb -Iinclude -O3 -funroll-all-loops -fopenmp -DVIK -Iinclude/include_serial src/src_parallel/rng.cpp src/src_parallel/main.cpp -o bin/main_parallel_vik 
Running with 3 threads and job ID 1...
Running with L = 500, r = 1.234, and sf = 1000000

Job completed at Tue Jan 7 15:01:43 GMT 2025

============================
 Job utilisation efficiency
============================

Job ID: 14740949
Cluster: viking2.yor.alces.network
User/Group: bmjm501/clusterusers
State: COMPLETED (exit code 0)
Nodes: 1
Cores per node: 3
CPU Utilized: 00:07:52
CPU Efficiency: 98.95% of 00:07:57 core-walltime
Job Wall-clock time: 00:02:39
Memory Utilized: 36.01 MB
Memory Efficiency: 0.22% of 15.72 GB
 Requested wall clock time: 00:20:00
    Actual wall clock time: 00:02:39
Wall clock time efficiency: 13.2%
           Job queued time: 00:00:46
