g++ -std=c++17 -ggdb -Iinclude -O3 -funroll-all-loops -fopenmp -DVIK -Iinclude/include_serial src/src_parallel/rng.cpp src/src_parallel/main.cpp -o bin/main_parallel_vik 
Running with 1 threads and job ID 14737535...
Running with L = 800, r = 1, and sf = 100000
slurmstepd: error: *** JOB 14737535 ON node002 CANCELLED AT 2025-01-07T10:47:12 ***

============================
 Job utilisation efficiency
============================

Job ID: 14737535
Cluster: viking2.yor.alces.network
User/Group: bmjm501/clusterusers
State: CANCELLED (exit code 0)
Nodes: 1
Cores per node: 96
CPU Utilized: 00:00:00
CPU Efficiency: 0.00% of 05:34:24 core-walltime
Job Wall-clock time: 00:03:29
Memory Utilized: 25.25 MB
Memory Efficiency: 0.00% of 502.97 GB
 Requested wall clock time: 00:20:00
    Actual wall clock time: 00:03:29
Wall clock time efficiency: 17.4%
           Job queued time: 00:00:58
