
The following have been reloaded with a version change:
  1) FFTW/3.3.10-GCC-13.2.0 => FFTW/3.3.10-GCC-12.3.0
  2) FlexiBLAS/3.3.1-GCC-13.2.0 => FlexiBLAS/3.3.1-GCC-12.3.0
  3) GCC/13.2.0 => GCC/12.3.0
  4) GCCcore/13.2.0 => GCCcore/12.3.0
  5) OpenBLAS/0.3.24-GCC-13.2.0 => OpenBLAS/0.3.23-GCC-12.3.0
  6) XZ/5.4.4-GCCcore-13.2.0 => XZ/5.4.2-GCCcore-12.3.0
  7) binutils/2.40-GCCcore-13.2.0 => binutils/2.40-GCCcore-12.3.0
  8) libpciaccess/0.17-GCCcore-13.2.0 => libpciaccess/0.17-GCCcore-12.3.0
  9) zlib/1.2.13-GCCcore-13.2.0 => zlib/1.2.13-GCCcore-12.3.0

mkdir: cannot create directory ‘plots’: File exists
g++ -std=c++17 -ggdb -Iinclude -O3 -funroll-all-loops -fopenmp -Iinclude/include_serial src/src_parallel/rng.cpp src/src_parallel/main.cpp -o bin/main_parallel 
mkdir: cannot create directory ‘plots’: File exists
Running with L = 500, r = 1.234, and sf = 1000000
slurmstepd: error: *** JOB 14713334 ON node002 CANCELLED AT 2025-01-06T13:22:30 ***

============================
 Job utilisation efficiency
============================

Job ID: 14713334
Cluster: viking2.yor.alces.network
User/Group: bmjm501/clusterusers
State: CANCELLED (exit code 0)
Nodes: 1
Cores per node: 96
CPU Utilized: 00:00:01
CPU Efficiency: 0.09% of 00:17:36 core-walltime
Job Wall-clock time: 00:00:11
Memory Utilized: 4.06 MB
Memory Efficiency: 0.00% of 502.97 GB
 Requested wall clock time: 00:20:00
    Actual wall clock time: 00:00:11
Wall clock time efficiency: 0.9%
           Job queued time: 00:00:01
