g++ -std=c++17 -ggdb -Iinclude -O3 -funroll-all-loops -fopenmp -Iinclude/include_serial src/src_parallel/rng.cpp src/src_parallel/main.cpp -o bin/main_parallel 
Running with 1 threads...
Running with L = 500, r = 1.234, and sf = 1000000

Number of circles: 26703, Packing Fraction = 0.510976, Time = 503.303683
Running with 2 threads...
Running with L = 500, r = 1.234, and sf = 1000000

Number of circles: 26866, Packing Fraction = 0.514095, Time = 336.147656
Running with 3 threads...
Running with L = 500, r = 1.234, and sf = 1000000

Number of circles: 26765, Packing Fraction = 0.512162, Time = 240.078377
Running with 4 threads...
Running with L = 500, r = 1.234, and sf = 1000000
slurmstepd: error: *** JOB 14715194 ON node004 CANCELLED AT 2025-01-06T14:09:58 DUE TO TIME LIMIT ***

============================
 Job utilisation efficiency
============================

Job ID: 14715194
Cluster: viking2.yor.alces.network
User/Group: bmjm501/clusterusers
State: TIMEOUT (exit code 0)
Nodes: 1
Cores per node: 96
CPU Utilized: 00:00:00
CPU Efficiency: 0.00% of 1-08:04:48 core-walltime
Job Wall-clock time: 00:20:03
Memory Utilized: 36.65 MB
Memory Efficiency: 0.01% of 502.97 GB
 Requested wall clock time: 00:20:00
    Actual wall clock time: 00:20:03
Wall clock time efficiency: 100.2%
           Job queued time: 00:00:07
