g++ -std=c++17 -ggdb -Iinclude -O3 -funroll-all-loops -fopenmp -DVIK -Iinclude/include_serial src/src_parallel/rng.cpp src/src_parallel/main.cpp -o bin/main_parallel_vik 
Running with 40 threads and job ID 14741209...
Running with L = 500, r = 1.234, and sf = 1000000
Running with 48 threads and job ID 14741209...
Running with L = 500, r = 1.234, and sf = 1000000
Running with 56 threads and job ID 14741209...
Running with L = 500, r = 1.234, and sf = 1000000

Job completed at Tue Jan 7 15:38:02 GMT 2025

============================
 Job utilisation efficiency
============================

Job ID: 14741209
Cluster: viking2.yor.alces.network
User/Group: bmjm501/clusterusers
State: COMPLETED (exit code 0)
Nodes: 1
Cores per node: 56
CPU Utilized: 01:05:43
CPU Efficiency: 81.87% of 01:20:16 core-walltime
Job Wall-clock time: 00:01:26
Memory Utilized: 35.43 MB
Memory Efficiency: 0.01% of 293.40 GB
 Requested wall clock time: 00:20:00
    Actual wall clock time: 00:01:26
Wall clock time efficiency: 7.2%
           Job queued time: 00:00:10
