g++ -std=c++17 -ggdb -Iinclude -O3 -funroll-all-loops -fopenmp -DVIK -Iinclude/include_serial src/src_parallel/rng.cpp src/src_parallel/main.cpp -o bin/main_parallel_vik 
Running with 96 threads and job ID 14739857...
Running with L = 750, r = 1, and sf = 100000
Mean number of circles: 93240, Mean Packing Fraction: 0.520750, Mean Elapsed Time: 10.052024

Job completed at Tue Jan 7 12:27:43 GMT 2025

============================
 Job utilisation efficiency
============================

Job ID: 14739857
Cluster: viking2.yor.alces.network
User/Group: bmjm501/clusterusers
State: COMPLETED (exit code 0)
Nodes: 1
Cores per node: 96
CPU Utilized: 01:20:12
CPU Efficiency: 94.58% of 01:24:48 core-walltime
Job Wall-clock time: 00:00:53
Memory Utilized: 22.83 MB
Memory Efficiency: 0.00% of 502.97 GB
 Requested wall clock time: 00:20:00
    Actual wall clock time: 00:00:53
Wall clock time efficiency: 4.4%
           Job queued time: 00:00:12
