
The following have been reloaded with a version change:
  1) FFTW/3.3.10-GCC-13.2.0 => FFTW/3.3.10-GCC-12.3.0
  2) FlexiBLAS/3.3.1-GCC-13.2.0 => FlexiBLAS/3.3.1-GCC-12.3.0
  3) GCC/13.2.0 => GCC/12.3.0
  4) GCCcore/13.2.0 => GCCcore/12.3.0
  5) OpenBLAS/0.3.24-GCC-13.2.0 => OpenBLAS/0.3.23-GCC-12.3.0
  6) XZ/5.4.4-GCCcore-13.2.0 => XZ/5.4.2-GCCcore-12.3.0
  7) binutils/2.40-GCCcore-13.2.0 => binutils/2.40-GCCcore-12.3.0
  8) libpciaccess/0.17-GCCcore-13.2.0 => libpciaccess/0.17-GCCcore-12.3.0
  9) zlib/1.2.13-GCCcore-13.2.0 => zlib/1.2.13-GCCcore-12.3.0

mkdir: cannot create directory ‘plots’: File exists
Error: Please provide a make rule and number of threads as arguments
Usage: ./run_parallel.sh <make_rule> <num_of_threads>

Job completed at Tue Dec 17 11:13:26 GMT 2024

============================
 Job utilisation efficiency
============================

Job ID: 14337321
Cluster: viking2.yor.alces.network
User/Group: bmjm501/root
State: COMPLETED (exit code 0)
Nodes: 1
Cores per node: 48
CPU Utilized: 00:00:01
CPU Efficiency: 1.04% of 00:01:36 core-walltime
Job Wall-clock time: 00:00:02
Memory Utilized: 3.97 MB
Memory Efficiency: 0.00% of 251.48 GB
 Requested wall clock time: 00:20:00
    Actual wall clock time: 00:00:02
Wall clock time efficiency: 0.2%
           Job queued time: 00:00:00
