g++ -std=c++17 -ggdb -Iinclude -O3 -funroll-all-loops -fopenmp -DVIK -Iinclude/include_serial src/src_parallel/rng.cpp src/src_parallel/main.cpp -o bin/main_parallel_vik 
Running with 96 threads and job ID 14737468...
Running with L = 500, r = 3, and sf = 100000
Mean number of circles: 4275, Mean Packing Fraction: 0.483491, Mean Elapsed Time: 1.328654

Job completed at Tue Jan 7 10:30:59 GMT 2025

============================
 Job utilisation efficiency
============================

Job ID: 14737468
Cluster: viking2.yor.alces.network
User/Group: bmjm501/clusterusers
State: COMPLETED (exit code 0)
Nodes: 1
Cores per node: 96
CPU Utilized: 00:10:41
CPU Efficiency: 74.19% of 00:14:24 core-walltime
Job Wall-clock time: 00:00:09
Memory Utilized: 4.06 MB
Memory Efficiency: 0.00% of 502.97 GB
 Requested wall clock time: 00:20:00
    Actual wall clock time: 00:00:09
Wall clock time efficiency: 0.8%
           Job queued time: 00:00:00
