g++ -std=c++17 -ggdb -Iinclude -O3 -funroll-all-loops -fopenmp -DVIK -Iinclude/include_serial src/src_parallel/rng.cpp src/src_parallel/main.cpp -o bin/main_parallel_vik 
Running with 96 threads and job ID 14737509...
Running with L = 800, r = 3, and sf = 100000
Mean number of circles: 11449, Mean Packing Fraction: 0.505801, Mean Elapsed Time: 2.759496

Job completed at Tue Jan 7 10:39:11 GMT 2025

============================
 Job utilisation efficiency
============================

Job ID: 14737509
Cluster: viking2.yor.alces.network
User/Group: bmjm501/clusterusers
State: COMPLETED (exit code 0)
Nodes: 1
Cores per node: 96
CPU Utilized: 00:22:07
CPU Efficiency: 86.39% of 00:25:36 core-walltime
Job Wall-clock time: 00:00:16
Memory Utilized: 4.06 MB
Memory Efficiency: 0.00% of 502.97 GB
 Requested wall clock time: 00:20:00
    Actual wall clock time: 00:00:16
Wall clock time efficiency: 1.3%
           Job queued time: 00:00:01
