g++ -std=c++17 -ggdb -Iinclude -O3 -funroll-all-loops -fopenmp -Iinclude/include_serial src/src_parallel/rng.cpp src/src_parallel/main.cpp -o bin/main_parallel 
Running with 24 threads and job ID 14729538...
Running with L = 500, r = 1.234, and sf = 1000000
Mean number of circles: 26713, Mean Packing Fraction: 0.511167, Mean Elapsed Time: 86.598033
Running with 32 threads and job ID 14729538...
Running with L = 500, r = 1.234, and sf = 1000000
Mean number of circles: 26770, Mean Packing Fraction: 0.512258, Mean Elapsed Time: 80.061899
./run_parallel_viking.sh: line 55: ean_sizes_14729538.txt: command not found

Job completed at Mon Jan 6 19:54:10 GMT 2025

============================
 Job utilisation efficiency
============================

Job ID: 14729538
Cluster: viking2.yor.alces.network
User/Group: bmjm501/clusterusers
State: COMPLETED (exit code 0)
Nodes: 1
Cores per node: 96
CPU Utilized: 06:25:19
CPU Efficiency: 28.81% of 22:17:36 core-walltime
Job Wall-clock time: 00:13:56
Memory Utilized: 37.23 MB
Memory Efficiency: 0.01% of 502.97 GB
 Requested wall clock time: 00:20:00
    Actual wall clock time: 00:13:56
Wall clock time efficiency: 69.7%
           Job queued time: 00:00:01
