g++ -std=c++17 -ggdb -Iinclude -O3 -funroll-all-loops -fopenmp -DVIK -Iinclude/include_serial src/src_parallel/rng.cpp src/src_parallel/main.cpp -o bin/main_parallel_vik 
Running with 96 threads and job ID 14737439...
Running with L = 500, r = 2, and sf = 100000
Mean number of circles: 9901, Mean Packing Fraction: 0.497679, Mean Elapsed Time: 2.148726

Job completed at Tue Jan 7 10:27:28 GMT 2025

============================
 Job utilisation efficiency
============================

Job ID: 14737439
Cluster: viking2.yor.alces.network
User/Group: bmjm501/clusterusers
State: COMPLETED (exit code 0)
Nodes: 1
Cores per node: 96
CPU Utilized: 00:17:14
CPU Efficiency: 82.85% of 00:20:48 core-walltime
Job Wall-clock time: 00:00:13
Memory Utilized: 4.06 MB
Memory Efficiency: 0.00% of 502.97 GB
 Requested wall clock time: 00:20:00
    Actual wall clock time: 00:00:13
Wall clock time efficiency: 1.1%
           Job queued time: 00:00:07
