g++ -std=c++17 -ggdb -Iinclude -O3 -funroll-all-loops -fopenmp -DVIK -Iinclude/include_serial src/src_parallel/rng.cpp src/src_parallel/main.cpp -o bin/main_parallel_vik 
Running with 96 threads and job ID 14737445...
Running with L = 250, r = 2, and sf = 100000
Mean number of circles: 2385, Mean Packing Fraction: 0.479533, Mean Elapsed Time: 1.083615

Job completed at Tue Jan 7 10:27:58 GMT 2025

============================
 Job utilisation efficiency
============================

Job ID: 14737445
Cluster: viking2.yor.alces.network
User/Group: bmjm501/clusterusers
State: COMPLETED (exit code 0)
Nodes: 1
Cores per node: 96
CPU Utilized: 00:08:45
CPU Efficiency: 78.12% of 00:11:12 core-walltime
Job Wall-clock time: 00:00:07
Memory Utilized: 4.06 MB
Memory Efficiency: 0.00% of 502.97 GB
 Requested wall clock time: 00:20:00
    Actual wall clock time: 00:00:07
Wall clock time efficiency: 0.6%
           Job queued time: 00:00:02
