g++ -std=c++17 -ggdb -Iinclude -O3 -funroll-all-loops -fopenmp -DVIK -Iinclude/include_serial src/src_parallel/rng.cpp src/src_parallel/main.cpp -o bin/main_parallel_vik 
Error: Missing required file add-on argument when VIK is defined.
Usage: ./bin/main_parallel_vik --config=PATH_TO_CONFIG <file_add_on>
mv: cannot stat 'data.txt': No such file or directory
mv: cannot stat 'num_of_circles.txt': No such file or directory
mv: cannot stat 'time.txt': No such file or directory
mv: cannot stat '*.bin': No such file or directory

Job completed at Tue Jan 7 16:50:51 GMT 2025

============================
 Job utilisation efficiency
============================

Job ID: 14741392
Cluster: viking2.yor.alces.network
User/Group: bmjm501/clusterusers
State: COMPLETED (exit code 0)
Nodes: 1
Cores per node: 96
CPU Utilized: 00:00:02
CPU Efficiency: 1.04% of 00:03:12 core-walltime
Job Wall-clock time: 00:00:02
Memory Utilized: 4.06 MB
Memory Efficiency: 0.00% of 502.97 GB
 Requested wall clock time: 00:20:00
    Actual wall clock time: 00:00:02
Wall clock time efficiency: 0.2%
           Job queued time: 00:00:00
