g++ -std=c++17 -ggdb -Iinclude -O3 -funroll-all-loops -fopenmp -DVIK -Iinclude/include_serial src/src_parallel/rng.cpp src/src_parallel/main.cpp -o bin/main_parallel_vik 
Running with 96 threads and job ID 14737438...
Running with L = 500, r = 2, and sf = 100000
Mean number of circles: 9959, Mean Packing Fraction: 0.500594, Mean Elapsed Time: 2.275792

Job completed at Tue Jan 7 10:27:14 GMT 2025

============================
 Job utilisation efficiency
============================

Job ID: 14737438
Cluster: viking2.yor.alces.network
User/Group: bmjm501/clusterusers
State: COMPLETED (exit code 0)
Nodes: 1
Cores per node: 96
CPU Utilized: 00:18:10
CPU Efficiency: 81.10% of 00:22:24 core-walltime
Job Wall-clock time: 00:00:14
Memory Utilized: 4.06 MB
Memory Efficiency: 0.00% of 502.97 GB
 Requested wall clock time: 00:20:00
    Actual wall clock time: 00:00:14
Wall clock time efficiency: 1.2%
           Job queued time: 00:00:07
