
The following have been reloaded with a version change:
  1) FFTW/3.3.10-GCC-13.2.0 => FFTW/3.3.10-GCC-12.3.0
  2) FlexiBLAS/3.3.1-GCC-13.2.0 => FlexiBLAS/3.3.1-GCC-12.3.0
  3) GCC/13.2.0 => GCC/12.3.0
  4) GCCcore/13.2.0 => GCCcore/12.3.0
  5) OpenBLAS/0.3.24-GCC-13.2.0 => OpenBLAS/0.3.23-GCC-12.3.0
  6) XZ/5.4.4-GCCcore-13.2.0 => XZ/5.4.2-GCCcore-12.3.0
  7) binutils/2.40-GCCcore-13.2.0 => binutils/2.40-GCCcore-12.3.0
  8) libpciaccess/0.17-GCCcore-13.2.0 => libpciaccess/0.17-GCCcore-12.3.0
  9) zlib/1.2.13-GCCcore-13.2.0 => zlib/1.2.13-GCCcore-12.3.0

mkdir: cannot create directory ‘plots’: File exists
g++ -std=c++17 -ggdb -Iinclude -O3 -funroll-all-loops -fopenmp -Iinclude/include_serial src/src_parallel/rng.cpp src/src_parallel/main.cpp -o bin/main_parallel 
Running with L = 500, r = 1.234, and sf = 10000000

Number of circles: 28472, Packing Fraction = 0.544826, Time = 36.275269

real	0m36.300s
user	28m52.009s
sys	0m0.031s
Plotting points now!

Job completed at Tue Dec 17 11:22:30 GMT 2024

============================
 Job utilisation efficiency
============================

Job ID: 14337327
Cluster: viking2.yor.alces.network
User/Group: bmjm501/clusterusers
State: COMPLETED (exit code 0)
Nodes: 1
Cores per node: 48
CPU Utilized: 00:31:07
CPU Efficiency: 23.15% of 02:14:24 core-walltime
Job Wall-clock time: 00:02:48
Memory Utilized: 330.16 MB
Memory Efficiency: 0.13% of 251.48 GB
 Requested wall clock time: 00:20:00
    Actual wall clock time: 00:02:48
Wall clock time efficiency: 14.0%
           Job queued time: 00:00:01
