
The following have been reloaded with a version change:
  1) FFTW/3.3.10-GCC-13.2.0 => FFTW/3.3.10-GCC-12.3.0
  2) FlexiBLAS/3.3.1-GCC-13.2.0 => FlexiBLAS/3.3.1-GCC-12.3.0
  3) GCC/13.2.0 => GCC/12.3.0
  4) GCCcore/13.2.0 => GCCcore/12.3.0
  5) OpenBLAS/0.3.24-GCC-13.2.0 => OpenBLAS/0.3.23-GCC-12.3.0
  6) XZ/5.4.4-GCCcore-13.2.0 => XZ/5.4.2-GCCcore-12.3.0
  7) binutils/2.40-GCCcore-13.2.0 => binutils/2.40-GCCcore-12.3.0
  8) libpciaccess/0.17-GCCcore-13.2.0 => libpciaccess/0.17-GCCcore-12.3.0
  9) zlib/1.2.13-GCCcore-13.2.0 => zlib/1.2.13-GCCcore-12.3.0

mkdir: cannot create directory ‘plots’: File exists
rm: cannot remove 'num_of_circles.txt': No such file or directory
rm: cannot remove 'times.txt': No such file or directory
g++ -std=c++17 -ggdb -Iinclude -O3 -funroll-all-loops -fopenmp -Iinclude/include_serial src/src_parallel/rng.cpp src/src_parallel/main.cpp -o bin/main_parallel 
mkdir: cannot create directory ‘plots’: File exists
Running with L = 500, r = 1.234, and sf = 10000000

Number of circles: 26619, Packing Fraction = 0.509368, Time = 304.020591
Plotting points now!

Job completed at Mon Jan 6 13:03:33 GMT 2025

============================
 Job utilisation efficiency
============================

Job ID: 14713005
Cluster: viking2.yor.alces.network
User/Group: bmjm501/clusterusers
State: COMPLETED (exit code 0)
Nodes: 1
Cores per node: 96
CPU Utilized: 08:06:53
CPU Efficiency: 70.60% of 11:29:36 core-walltime
Job Wall-clock time: 00:07:11
Memory Utilized: 346.66 MB
Memory Efficiency: 0.07% of 502.97 GB
 Requested wall clock time: 00:20:00
    Actual wall clock time: 00:07:11
Wall clock time efficiency: 35.9%
           Job queued time: 00:00:01
