g++ -std=c++17 -ggdb -Iinclude -O3 -funroll-all-loops -fopenmp -DVIK -Iinclude/include_serial src/src_parallel/rng.cpp src/src_parallel/main.cpp -o bin/main_parallel_vik 
Running with 4 threads and job ID 14741207...
Running with L = 500, r = 1.234, and sf = 1000000

Job completed at Tue Jan 7 15:39:04 GMT 2025

============================
 Job utilisation efficiency
============================

Job ID: 14741207
Cluster: viking2.yor.alces.network
User/Group: bmjm501/clusterusers
State: COMPLETED (exit code 0)
Nodes: 1
Cores per node: 4
CPU Utilized: 00:09:39
CPU Efficiency: 98.47% of 00:09:48 core-walltime
Job Wall-clock time: 00:02:27
Memory Utilized: 36.27 MB
Memory Efficiency: 0.17% of 20.96 GB
 Requested wall clock time: 00:20:00
    Actual wall clock time: 00:02:27
Wall clock time efficiency: 12.2%
           Job queued time: 00:00:18
