g++ -std=c++17 -ggdb -Iinclude -O3 -funroll-all-loops -fopenmp -DVIK -Iinclude/include_serial src/src_parallel/rng.cpp src/src_parallel/main.cpp -o bin/main_parallel_vik 
Running with 88 threads and job ID 1...
./run_parallel_viking_8.sh: line 45: ./bin/main_parallel_vik: Text file busy
mv: cannot stat '*.bin': No such file or directory
Running with 96 threads and job ID 1...
Running with L = 500, r = 1.234, and sf = 1000000

Job completed at Tue Jan 7 14:58:54 GMT 2025

============================
 Job utilisation efficiency
============================

Job ID: 14740954
Cluster: viking2.yor.alces.network
User/Group: bmjm501/clusterusers
State: COMPLETED (exit code 0)
Nodes: 1
Cores per node: 96
CPU Utilized: 00:30:02
CPU Efficiency: 89.38% of 00:33:36 core-walltime
Job Wall-clock time: 00:00:21
Memory Utilized: 4.06 MB
Memory Efficiency: 0.00% of 502.97 GB
 Requested wall clock time: 00:20:00
    Actual wall clock time: 00:00:21
Wall clock time efficiency: 1.8%
           Job queued time: 00:00:00
