g++ -std=c++17 -ggdb -Iinclude -O3 -funroll-all-loops -fopenmp -DVIK -Iinclude/include_serial src/src_parallel/rng.cpp src/src_parallel/main.cpp -o bin/main_parallel_vik 
Running with 4 threads and job ID 1...
Running with L = 500, r = 1.234, and sf = 1000000

Job completed at Tue Jan 7 15:01:29 GMT 2025

============================
 Job utilisation efficiency
============================

Job ID: 14740950
Cluster: viking2.yor.alces.network
User/Group: bmjm501/clusterusers
State: COMPLETED (exit code 0)
Nodes: 1
Cores per node: 4
CPU Utilized: 00:09:31
CPU Efficiency: 98.45% of 00:09:40 core-walltime
Job Wall-clock time: 00:02:25
Memory Utilized: 36.11 MB
Memory Efficiency: 0.17% of 20.96 GB
 Requested wall clock time: 00:20:00
    Actual wall clock time: 00:02:25
Wall clock time efficiency: 12.1%
           Job queued time: 00:00:43
