g++ -std=c++17 -ggdb -Iinclude -O3 -funroll-all-loops -fopenmp -DVIK -Iinclude/include_serial src/src_parallel/rng.cpp src/src_parallel/main.cpp -o bin/main_parallel_vik 
Running with 1 threads and job ID 14741424...
Running with L = 900, r = 1, and sf = 10000
Running with 96 threads and job ID 14741424...
Running with L = 900, r = 1, and sf = 10000

Job completed at Tue Jan 7 17:16:27 GMT 2025

============================
 Job utilisation efficiency
============================

Job ID: 14741424
Cluster: viking2.yor.alces.network
User/Group: bmjm501/clusterusers
State: COMPLETED (exit code 0)
Nodes: 1
Cores per node: 96
CPU Utilized: 00:04:20
CPU Efficiency: 3.87% of 01:52:00 core-walltime
Job Wall-clock time: 00:01:10
Memory Utilized: 25.75 MB
Memory Efficiency: 0.01% of 502.97 GB
 Requested wall clock time: 00:20:00
    Actual wall clock time: 00:01:10
Wall clock time efficiency: 5.8%
           Job queued time: 00:04:42
