g++ -std=c++17 -ggdb -Iinclude -O3 -funroll-all-loops -fopenmp -DVIK -Iinclude/include_serial src/src_parallel/rng.cpp src/src_parallel/main.cpp -o bin/main_parallel_vik 
Running with 96 threads and job ID 14737510...
Running with L = 800, r = 2, and sf = 100000
Mean number of circles: 26097, Mean Packing Fraction: 0.512413, Mean Elapsed Time: 4.737450

Job completed at Tue Jan 7 10:39:31 GMT 2025

============================
 Job utilisation efficiency
============================

Job ID: 14737510
Cluster: viking2.yor.alces.network
User/Group: bmjm501/clusterusers
State: COMPLETED (exit code 0)
Nodes: 1
Cores per node: 96
CPU Utilized: 00:37:25
CPU Efficiency: 89.94% of 00:41:36 core-walltime
Job Wall-clock time: 00:00:26
Memory Utilized: 4.06 MB
Memory Efficiency: 0.00% of 502.97 GB
 Requested wall clock time: 00:20:00
    Actual wall clock time: 00:00:26
Wall clock time efficiency: 2.2%
           Job queued time: 00:00:01
