g++ -std=c++17 -ggdb -Iinclude -O3 -funroll-all-loops -fopenmp -Iinclude/include_serial src/src_parallel/rng.cpp src/src_parallel/main.cpp -o bin/main_parallel 
Running with 1 threads and job ID 14735664...
Running with L = 500, r = 1.234, and sf = 1000000

Number of circles: 26703, Packing Fraction = 0.510976, Time = 507.266506
mv: cannot stat 'mean_sizes_14735664.txt': No such file or directory
mv: cannot stat 'mean_times_14735664.txt': No such file or directory

Job completed at Tue Jan 7 10:09:04 GMT 2025

============================
 Job utilisation efficiency
============================

Job ID: 14735664
Cluster: viking2.yor.alces.network
User/Group: bmjm501/clusterusers
State: COMPLETED (exit code 0)
Nodes: 1
Cores per node: 96
CPU Utilized: 00:08:28
CPU Efficiency: 1.04% of 13:34:24 core-walltime
Job Wall-clock time: 00:08:29
Memory Utilized: 36.64 MB
Memory Efficiency: 0.01% of 502.97 GB
 Requested wall clock time: 00:20:00
    Actual wall clock time: 00:08:29
Wall clock time efficiency: 42.4%
           Job queued time: 00:00:01
