g++ -std=c++17 -ggdb -Iinclude -O3 -funroll-all-loops -fopenmp -DVIK -Iinclude/include_serial src/src_parallel/rng.cpp src/src_parallel/main.cpp -o bin/main_parallel_vik 
Running with 1 threads and job ID 14741423...
Running with L = 1000, r = 1, and sf = 10000
Running with 96 threads and job ID 14741423...
Running with L = 1000, r = 1, and sf = 10000

Job completed at Tue Jan 7 17:15:57 GMT 2025

============================
 Job utilisation efficiency
============================

Job ID: 14741423
Cluster: viking2.yor.alces.network
User/Group: bmjm501/clusterusers
State: COMPLETED (exit code 0)
Nodes: 1
Cores per node: 96
CPU Utilized: 00:05:36
CPU Efficiency: 3.85% of 02:25:36 core-walltime
Job Wall-clock time: 00:01:31
Memory Utilized: 28.78 MB
Memory Efficiency: 0.01% of 502.97 GB
 Requested wall clock time: 00:20:00
    Actual wall clock time: 00:01:31
Wall clock time efficiency: 7.6%
           Job queued time: 00:03:52
