g++ -std=c++17 -ggdb -Iinclude -O3 -funroll-all-loops -fopenmp -DVIK -Iinclude/include_serial src/src_parallel/rng.cpp src/src_parallel/main.cpp -o bin/main_parallel_vik 
Running with 1 threads and job ID 14737531...
Running with L = 1000, r = 1, and sf = 100000
slurmstepd: error: *** JOB 14737531 ON node004 CANCELLED AT 2025-01-07T10:47:14 ***

============================
 Job utilisation efficiency
============================

Job ID: 14737531
Cluster: viking2.yor.alces.network
User/Group: bmjm501/clusterusers
State: CANCELLED (exit code 0)
Nodes: 1
Cores per node: 96
CPU Utilized: 00:00:00
CPU Efficiency: 0.00% of 07:48:48 core-walltime
Job Wall-clock time: 00:04:53
Memory Utilized: 32.93 MB
Memory Efficiency: 0.01% of 502.97 GB
 Requested wall clock time: 00:20:00
    Actual wall clock time: 00:04:53
Wall clock time efficiency: 24.4%
           Job queued time: 00:00:01
