
The following have been reloaded with a version change:
  1) FFTW/3.3.10-GCC-13.2.0 => FFTW/3.3.10-GCC-12.3.0
  2) FlexiBLAS/3.3.1-GCC-13.2.0 => FlexiBLAS/3.3.1-GCC-12.3.0
  3) GCC/13.2.0 => GCC/12.3.0
  4) GCCcore/13.2.0 => GCCcore/12.3.0
  5) OpenBLAS/0.3.24-GCC-13.2.0 => OpenBLAS/0.3.23-GCC-12.3.0
  6) XZ/5.4.4-GCCcore-13.2.0 => XZ/5.4.2-GCCcore-12.3.0
  7) binutils/2.40-GCCcore-13.2.0 => binutils/2.40-GCCcore-12.3.0
  8) libpciaccess/0.17-GCCcore-13.2.0 => libpciaccess/0.17-GCCcore-12.3.0
  9) zlib/1.2.13-GCCcore-13.2.0 => zlib/1.2.13-GCCcore-12.3.0

mkdir: cannot create directory ‘plots’: File exists
rm: cannot remove 'num_of_circles.txt': No such file or directory
rm: cannot remove 'times.txt': No such file or directory
g++ -std=c++17 -ggdb -Iinclude -O3 -funroll-all-loops -fopenmp -Iinclude/include_serial src/src_parallel/rng.cpp src/src_parallel/main.cpp -o bin/main_parallel 
Running with L = 500, r = 1.234, and sf = 1000000

Number of circles: 26683, Packing Fraction = 0.510593, Time = 37.164054
Running with L = 500, r = 1.234, and sf = 1000000

Number of circles: 26581, Packing Fraction = 0.508641, Time = 28.865697
Running with L = 500, r = 1.234, and sf = 1000000

Number of circles: 26766, Packing Fraction = 0.512181, Time = 36.352804
Running with L = 500, r = 1.234, and sf = 1000000

Number of circles: 26731, Packing Fraction = 0.511511, Time = 36.090218
Running with L = 500, r = 1.234, and sf = 1000000

Number of circles: 26601, Packing Fraction = 0.509024, Time = 32.173564
Running with L = 500, r = 1.234, and sf = 1000000

Number of circles: 26803, Packing Fraction = 0.512889, Time = 38.572349
Running with L = 500, r = 1.234, and sf = 1000000

Number of circles: 26498, Packing Fraction = 0.507053, Time = 29.532223
Running with L = 500, r = 1.234, and sf = 1000000

Number of circles: 26934, Packing Fraction = 0.515396, Time = 43.512256
Running with L = 500, r = 1.234, and sf = 1000000

Number of circles: 26647, Packing Fraction = 0.509904, Time = 30.398086
Running with L = 500, r = 1.234, and sf = 1000000

Number of circles: 26561, Packing Fraction = 0.508258, Time = 28.646646
Running with L = 500, r = 1.234, and sf = 1000000

Number of circles: 26442, Packing Fraction = 0.505981, Time = 26.712217
Running with L = 500, r = 1.234, and sf = 1000000

Number of circles: 26863, Packing Fraction = 0.514037, Time = 41.872620
Running with L = 500, r = 1.234, and sf = 1000000

Number of circles: 26927, Packing Fraction = 0.515262, Time = 48.115091
Running with L = 500, r = 1.234, and sf = 1000000

Number of circles: 26697, Packing Fraction = 0.510861, Time = 37.931818
Running with L = 500, r = 1.234, and sf = 1000000

Number of circles: 26648, Packing Fraction = 0.509923, Time = 33.535285
Running with L = 500, r = 1.234, and sf = 1000000

Number of circles: 26567, Packing Fraction = 0.508373, Time = 30.762318
Running with L = 500, r = 1.234, and sf = 1000000

Number of circles: 26581, Packing Fraction = 0.508641, Time = 31.756858
Running with L = 500, r = 1.234, and sf = 1000000

Number of circles: 26728, Packing Fraction = 0.511454, Time = 37.890940
Running with L = 500, r = 1.234, and sf = 1000000

Number of circles: 26596, Packing Fraction = 0.508928, Time = 32.256283
Running with L = 500, r = 1.234, and sf = 1000000

Number of circles: 26899, Packing Fraction = 0.514726, Time = 42.259980
Running with L = 500, r = 1.234, and sf = 1000000

Number of circles: 26651, Packing Fraction = 0.509981, Time = 31.743588
Running with L = 500, r = 1.234, and sf = 1000000

Number of circles: 26991, Packing Fraction = 0.516487, Time = 53.726070
Running with L = 500, r = 1.234, and sf = 1000000

Number of circles: 26583, Packing Fraction = 0.508679, Time = 31.760608
Running with L = 500, r = 1.234, and sf = 1000000

Number of circles: 26746, Packing Fraction = 0.511798, Time = 37.429937
Running with L = 500, r = 1.234, and sf = 1000000

Number of circles: 26661, Packing Fraction = 0.510172, Time = 33.337489
Running with L = 500, r = 1.234, and sf = 1000000

Number of circles: 26747, Packing Fraction = 0.511818, Time = 37.263172
Running with L = 500, r = 1.234, and sf = 1000000

Number of circles: 26598, Packing Fraction = 0.508966, Time = 28.240485
Running with L = 500, r = 1.234, and sf = 1000000

Number of circles: 26725, Packing Fraction = 0.511397, Time = 37.004542
Running with L = 500, r = 1.234, and sf = 1000000

Number of circles: 26596, Packing Fraction = 0.508928, Time = 32.333361
Running with L = 500, r = 1.234, and sf = 1000000

Number of circles: 26696, Packing Fraction = 0.510842, Time = 33.840046
Running with L = 500, r = 1.234, and sf = 1000000

Number of circles: 26682, Packing Fraction = 0.510574, Time = 35.466548
Running with L = 500, r = 1.234, and sf = 1000000

Number of circles: 26813, Packing Fraction = 0.513081, Time = 41.627286
Running with L = 500, r = 1.234, and sf = 1000000

Number of circles: 26820, Packing Fraction = 0.513215, Time = 40.315987
Running with L = 500, r = 1.234, and sf = 1000000
slurmstepd: error: *** JOB 14611277 ON node002 CANCELLED AT 2025-01-01T19:17:48 DUE TO TIME LIMIT ***

============================
 Job utilisation efficiency
============================

Job ID: 14611277
Cluster: viking2.yor.alces.network
User/Group: bmjm501/clusterusers
State: TIMEOUT (exit code 0)
Nodes: 1
Cores per node: 96
CPU Utilized: 00:00:01
CPU Efficiency: 0.00% of 1-08:14:24 core-walltime
Job Wall-clock time: 00:20:09
Memory Utilized: 44.38 MB
Memory Efficiency: 0.01% of 502.97 GB
 Requested wall clock time: 00:20:00
    Actual wall clock time: 00:20:09
Wall clock time efficiency: 100.8%
           Job queued time: 00:00:01
