
The following have been reloaded with a version change:
  1) FFTW/3.3.10-GCC-13.2.0 => FFTW/3.3.10-GCC-12.3.0
  2) FlexiBLAS/3.3.1-GCC-13.2.0 => FlexiBLAS/3.3.1-GCC-12.3.0
  3) GCC/13.2.0 => GCC/12.3.0
  4) GCCcore/13.2.0 => GCCcore/12.3.0
  5) OpenBLAS/0.3.24-GCC-13.2.0 => OpenBLAS/0.3.23-GCC-12.3.0
  6) XZ/5.4.4-GCCcore-13.2.0 => XZ/5.4.2-GCCcore-12.3.0
  7) binutils/2.40-GCCcore-13.2.0 => binutils/2.40-GCCcore-12.3.0
  8) libpciaccess/0.17-GCCcore-13.2.0 => libpciaccess/0.17-GCCcore-12.3.0
  9) zlib/1.2.13-GCCcore-13.2.0 => zlib/1.2.13-GCCcore-12.3.0

mkdir: cannot create directory ‘plots’: File exists
rm: cannot remove 'num_of_circles.txt': No such file or directory
rm: cannot remove 'times.txt': No such file or directory
./run_parallel.sh: line 3: [: missing `]'
g++ -std=c++17 -ggdb -Iinclude -O3 -funroll-all-loops -fopenmp -Iinclude/include_serial src/src_parallel/rng.cpp src/src_parallel/main.cpp -o bin/main_parallel 
/opt/apps/eb/software/binutils/2.40-GCCcore-12.3.0/bin/ld: /tmp/ccxMAMfV.o: in function `main':
/users/bmjm501/scratch/scientific_sc_2425/assignments/final/Q4/src/src_parallel/main.cpp:222: undefined reference to `MPI_Init_thread'
/opt/apps/eb/software/binutils/2.40-GCCcore-12.3.0/bin/ld: /users/bmjm501/scratch/scientific_sc_2425/assignments/final/Q4/src/src_parallel/main.cpp:228: undefined reference to `ompi_mpi_comm_world'
/opt/apps/eb/software/binutils/2.40-GCCcore-12.3.0/bin/ld: /users/bmjm501/scratch/scientific_sc_2425/assignments/final/Q4/src/src_parallel/main.cpp:228: undefined reference to `MPI_Comm_rank'
/opt/apps/eb/software/binutils/2.40-GCCcore-12.3.0/bin/ld: /users/bmjm501/scratch/scientific_sc_2425/assignments/final/Q4/src/src_parallel/main.cpp:229: undefined reference to `ompi_mpi_comm_world'
/opt/apps/eb/software/binutils/2.40-GCCcore-12.3.0/bin/ld: /users/bmjm501/scratch/scientific_sc_2425/assignments/final/Q4/src/src_parallel/main.cpp:229: undefined reference to `MPI_Comm_size'
/opt/apps/eb/software/binutils/2.40-GCCcore-12.3.0/bin/ld: /users/bmjm501/scratch/scientific_sc_2425/assignments/final/Q4/src/src_parallel/main.cpp:417: undefined reference to `ompi_mpi_op_sum'
/opt/apps/eb/software/binutils/2.40-GCCcore-12.3.0/bin/ld: /users/bmjm501/scratch/scientific_sc_2425/assignments/final/Q4/src/src_parallel/main.cpp:417: undefined reference to `ompi_mpi_unsigned_long'
/opt/apps/eb/software/binutils/2.40-GCCcore-12.3.0/bin/ld: /users/bmjm501/scratch/scientific_sc_2425/assignments/final/Q4/src/src_parallel/main.cpp:417: undefined reference to `ompi_mpi_comm_world'
/opt/apps/eb/software/binutils/2.40-GCCcore-12.3.0/bin/ld: /users/bmjm501/scratch/scientific_sc_2425/assignments/final/Q4/src/src_parallel/main.cpp:417: undefined reference to `MPI_Reduce'
/opt/apps/eb/software/binutils/2.40-GCCcore-12.3.0/bin/ld: /users/bmjm501/scratch/scientific_sc_2425/assignments/final/Q4/src/src_parallel/main.cpp:418: undefined reference to `ompi_mpi_double'
/opt/apps/eb/software/binutils/2.40-GCCcore-12.3.0/bin/ld: /users/bmjm501/scratch/scientific_sc_2425/assignments/final/Q4/src/src_parallel/main.cpp:418: undefined reference to `ompi_mpi_comm_world'
/opt/apps/eb/software/binutils/2.40-GCCcore-12.3.0/bin/ld: /users/bmjm501/scratch/scientific_sc_2425/assignments/final/Q4/src/src_parallel/main.cpp:418: undefined reference to `ompi_mpi_op_sum'
/opt/apps/eb/software/binutils/2.40-GCCcore-12.3.0/bin/ld: /users/bmjm501/scratch/scientific_sc_2425/assignments/final/Q4/src/src_parallel/main.cpp:418: undefined reference to `MPI_Reduce'
/opt/apps/eb/software/binutils/2.40-GCCcore-12.3.0/bin/ld: /users/bmjm501/scratch/scientific_sc_2425/assignments/final/Q4/src/src_parallel/main.cpp:419: undefined reference to `ompi_mpi_comm_world'
/opt/apps/eb/software/binutils/2.40-GCCcore-12.3.0/bin/ld: /users/bmjm501/scratch/scientific_sc_2425/assignments/final/Q4/src/src_parallel/main.cpp:419: undefined reference to `ompi_mpi_op_sum'
/opt/apps/eb/software/binutils/2.40-GCCcore-12.3.0/bin/ld: /users/bmjm501/scratch/scientific_sc_2425/assignments/final/Q4/src/src_parallel/main.cpp:419: undefined reference to `ompi_mpi_double'
/opt/apps/eb/software/binutils/2.40-GCCcore-12.3.0/bin/ld: /users/bmjm501/scratch/scientific_sc_2425/assignments/final/Q4/src/src_parallel/main.cpp:419: undefined reference to `MPI_Reduce'
/opt/apps/eb/software/binutils/2.40-GCCcore-12.3.0/bin/ld: /users/bmjm501/scratch/scientific_sc_2425/assignments/final/Q4/src/src_parallel/main.cpp:426: undefined reference to `MPI_Finalize'
collect2: error: ld returned 1 exit status
make: *** [Makefile:51: bin/main_parallel] Error 1
--------------------------------------------------------------------------
mpirun was unable to launch the specified application as it could not access
or execute an executable:

Executable: ./bin/main_parallel
Node: node002

while attempting to start process rank 0.
--------------------------------------------------------------------------
5 total processes failed to start
Plotting points now!
Traceback (most recent call last):
  File "/mnt/scratch/users/bmjm501/scientific_sc_2425/assignments/final/Q4/graphing/graph.py", line 119, in <module>
    circle_centers = load_coordinates("coords.bin")
                     ^^^^^^^^^^^^^^^^^^^^^^^^^^^^^^
  File "/mnt/scratch/users/bmjm501/scientific_sc_2425/assignments/final/Q4/graphing/graph.py", line 9, in load_coordinates
    with open(filename, "rb") as file:
         ^^^^^^^^^^^^^^^^^^^^
FileNotFoundError: [Errno 2] No such file or directory: 'coords.bin'
mv: cannot stat 'data_*.txt': No such file or directory
mv: cannot stat '*.bin': No such file or directory
mv: cannot stat './plots/*': No such file or directory
mv: cannot stat 'num_of_circles.txt': No such file or directory
mv: cannot stat 'times.txt': No such file or directory

Job completed at Sat Jan 4 18:57:01 GMT 2025

============================
 Job utilisation efficiency
============================

Job ID: 14707731
Cluster: viking2.yor.alces.network
User/Group: bmjm501/clusterusers
State: COMPLETED (exit code 0)
Nodes: 3
Cores per node: 80
CPU Utilized: 00:00:04
CPU Efficiency: 0.33% of 00:20:00 core-walltime
Job Wall-clock time: 00:00:05
Memory Utilized: 8.30 MB (estimated maximum)
Memory Efficiency: 0.00% of 1.23 TB (5.24 GB/core)
 Requested wall clock time: 00:20:00
    Actual wall clock time: 00:00:05
Wall clock time efficiency: 0.4%
           Job queued time: 00:00:01
