g++ -std=c++17 -ggdb -Iinclude -O3 -funroll-all-loops -fopenmp -Iinclude/include_serial src/src_parallel/rng.cpp src/src_parallel/main.cpp -o bin/main_parallel 
Running with 33 threads and job ID 14717091...
File add on 14717091
Running with L = 500, r = 1.234, and sf = 1000000

Number of circles: 27107, Packing Fraction = 0.518706, Time = 111.270144
Running with 34 threads and job ID 14717091...
File add on 14717091
Running with L = 500, r = 1.234, and sf = 1000000

Number of circles: 26725, Packing Fraction = 0.511397, Time = 68.734554
Running with 35 threads and job ID 14717091...
File add on 14717091
Running with L = 500, r = 1.234, and sf = 1000000

Number of circles: 26763, Packing Fraction = 0.512124, Time = 73.822747
Running with 36 threads and job ID 14717091...
File add on 14717091
Running with L = 500, r = 1.234, and sf = 1000000

Number of circles: 26712, Packing Fraction = 0.511148, Time = 66.086538
Running with 37 threads and job ID 14717091...
File add on 14717091
Running with L = 500, r = 1.234, and sf = 1000000

Number of circles: 26769, Packing Fraction = 0.512239, Time = 74.737970
Running with 38 threads and job ID 14717091...
File add on 14717091
Running with L = 500, r = 1.234, and sf = 1000000

Number of circles: 26912, Packing Fraction = 0.514975, Time = 88.230367
Running with 39 threads and job ID 14717091...
File add on 14717091
Running with L = 500, r = 1.234, and sf = 1000000

Number of circles: 26842, Packing Fraction = 0.513636, Time = 74.692224
Running with 40 threads and job ID 14717091...
File add on 14717091
Running with L = 500, r = 1.234, and sf = 1000000
