
The following have been reloaded with a version change:
  1) FFTW/3.3.10-GCC-13.2.0 => FFTW/3.3.10-GCC-12.3.0
  2) FlexiBLAS/3.3.1-GCC-13.2.0 => FlexiBLAS/3.3.1-GCC-12.3.0
  3) GCC/13.2.0 => GCC/12.3.0
  4) GCCcore/13.2.0 => GCCcore/12.3.0
  5) OpenBLAS/0.3.24-GCC-13.2.0 => OpenBLAS/0.3.23-GCC-12.3.0
  6) XZ/5.4.4-GCCcore-13.2.0 => XZ/5.4.2-GCCcore-12.3.0
  7) binutils/2.40-GCCcore-13.2.0 => binutils/2.40-GCCcore-12.3.0
  8) libpciaccess/0.17-GCCcore-13.2.0 => libpciaccess/0.17-GCCcore-12.3.0
  9) zlib/1.2.13-GCCcore-13.2.0 => zlib/1.2.13-GCCcore-12.3.0

mkdir: cannot create directory ‘plots’: File exists
rm: cannot remove 'num_of_circles.txt': No such file or directory
rm: cannot remove 'times.txt': No such file or directory
./run_parallel.sh: line 3: [: missing `]'
mpic++ -std=c++17 -ggdb -Iinclude -O3 -funroll-all-loops -DMPII -fopenmp -Iinclude/include_serial src/src_parallel/rng.cpp src/src_parallel/main.cpp -o bin/main_parallel_mpi 
Running with L = 500, r = 1.234, sf = 1000000, num_of_procs = 5
Mean number of circles: 26734, Mean packing fraction: 0.511569 Mean time: 79.252665
Plotting points now!

Job completed at Sat Jan 4 19:51:32 GMT 2025

============================
 Job utilisation efficiency
============================

Job ID: 14707768
Cluster: viking2.yor.alces.network
User/Group: bmjm501/clusterusers
State: COMPLETED (exit code 0)
Nodes: 3
Cores per node: 80
CPU Utilized: 01:10:57
CPU Efficiency: 7.61% of 15:32:00 core-walltime
Job Wall-clock time: 00:03:53
Memory Utilized: 300.63 MB
Memory Efficiency: 0.02% of 1.23 TB
 Requested wall clock time: 00:20:00
    Actual wall clock time: 00:03:53
Wall clock time efficiency: 19.4%
           Job queued time: 00:00:01
