g++ -std=c++17 -ggdb -Iinclude -O3 -funroll-all-loops -fopenmp -Iinclude/include_serial src/src_parallel/rng.cpp src/src_parallel/main.cpp -o bin/main_parallel 
Running with 1 threads and job ID 14716882...
File add on 14716882
Running with L = 500, r = 1.234, and sf = 1000000

Number of circles: 26703, Packing Fraction = 0.510976, Time = 494.886958
Running with 2 threads and job ID 14716882...
File add on 14716882
Running with L = 500, r = 1.234, and sf = 1000000

Number of circles: 26653, Packing Fraction = 0.510019, Time = 247.656325
Execution completed for all thread configurations from 1 to 2.

Job completed at Mon Jan 6 14:29:26 GMT 2025

============================
 Job utilisation efficiency
============================

Job ID: 14716882
Cluster: viking2.yor.alces.network
User/Group: bmjm501/clusterusers
State: COMPLETED (exit code 0)
Nodes: 1
Cores per node: 96
CPU Utilized: 00:16:29
CPU Efficiency: 1.38% of 19:50:24 core-walltime
Job Wall-clock time: 00:12:24
Memory Utilized: 36.62 MB
Memory Efficiency: 0.01% of 502.97 GB
 Requested wall clock time: 00:20:00
    Actual wall clock time: 00:12:24
Wall clock time efficiency: 62.0%
           Job queued time: 00:00:01
