g++ -std=c++17 -ggdb -Iinclude -O3 -funroll-all-loops -fopenmp -Iinclude/include_serial src/src_parallel/rng.cpp src/src_parallel/main.cpp -o bin/main_parallel 
Running with 96 threads and job ID 14736654...
Running with L = 1000, r = 1, and sf = 100000

Number of circles: 167384, Packing Fraction = 0.525852, Time = 21.409682
mv: cannot stat 'mean_sizes_14736654.txt': No such file or directory
mv: cannot stat 'mean_times_14736654.txt': No such file or directory

Job completed at Tue Jan 7 10:15:44 GMT 2025

============================
 Job utilisation efficiency
============================

Job ID: 14736654
Cluster: viking2.yor.alces.network
User/Group: bmjm501/clusterusers
State: COMPLETED (exit code 0)
Nodes: 1
Cores per node: 96
CPU Utilized: 00:34:10
CPU Efficiency: 85.42% of 00:40:00 core-walltime
Job Wall-clock time: 00:00:25
Memory Utilized: 4.06 MB
Memory Efficiency: 0.00% of 502.97 GB
 Requested wall clock time: 00:20:00
    Actual wall clock time: 00:00:25
Wall clock time efficiency: 2.1%
           Job queued time: 00:00:00
