g++ -std=c++17 -ggdb -Iinclude -O3 -funroll-all-loops -fopenmp -Iinclude/include_serial src/src_parallel/rng.cpp src/src_parallel/main.cpp -o bin/main_parallel 
Running with 1 threads and job ID 14717449...
File add on 14717449
Running with L = 500, r = 1.234, and sf = 1000000

Number of circles: 26703, Packing Fraction = 0.510976, Time = 492.756432
Running with 8 threads and job ID 14717449...
File add on 14717449
Running with L = 500, r = 1.234, and sf = 1000000

Number of circles: 26826, Packing Fraction = 0.513329, Time = 147.423467
Running with 16 threads and job ID 14717449...
File add on 14717449
Running with L = 500, r = 1.234, and sf = 1000000

Number of circles: 26994, Packing Fraction = 0.516544, Time = 162.694425
Running with 32 threads and job ID 14717449...
File add on 14717449
Running with L = 500, r = 1.234, and sf = 1000000

Number of circles: 26687, Packing Fraction = 0.510669, Time = 77.083918
Running with 40 threads and job ID 14717449...
File add on 14717449
Running with L = 500, r = 1.234, and sf = 1000000

Number of circles: 26923, Packing Fraction = 0.515185, Time = 72.756019
Running with 48 threads and job ID 14717449...
File add on 14717449
Running with L = 500, r = 1.234, and sf = 1000000

Number of circles: 26960, Packing Fraction = 0.515893, Time = 75.179178
Execution completed for all thread configurations from  to .

Job completed at Mon Jan 6 15:12:12 GMT 2025

============================
 Job utilisation efficiency
============================

Job ID: 14717449
Cluster: viking2.yor.alces.network
User/Group: bmjm501/clusterusers
State: COMPLETED (exit code 0)
Nodes: 1
Cores per node: 96
CPU Utilized: 03:40:14
CPU Efficiency: 13.36% of 1-03:28:00 core-walltime
Job Wall-clock time: 00:17:10
Memory Utilized: 36.65 MB
Memory Efficiency: 0.01% of 502.97 GB
 Requested wall clock time: 00:20:00
    Actual wall clock time: 00:17:10
Wall clock time efficiency: 85.8%
           Job queued time: 00:00:00
