g++ -std=c++17 -ggdb -Iinclude -O3 -funroll-all-loops -fopenmp -Iinclude/include_serial src/src_parallel/rng.cpp src/src_parallel/main.cpp -o bin/main_parallel 
Running with 1 threads and job ID 14737621...
Running with L = 600, r = 2, and sf = 100000

Number of circles: 14409, Packing Fraction = 0.502969, Time = 21.236937
mv: cannot stat 'mean_sizes_14737621.txt': No such file or directory
mv: cannot stat 'mean_times_14737621.txt': No such file or directory

Job completed at Tue Jan 7 10:57:43 GMT 2025

============================
 Job utilisation efficiency
============================

Job ID: 14737621
Cluster: viking2.yor.alces.network
User/Group: bmjm501/clusterusers
State: COMPLETED (exit code 0)
Nodes: 1
Cores per node: 96
CPU Utilized: 00:00:23
CPU Efficiency: 1.00% of 00:38:24 core-walltime
Job Wall-clock time: 00:00:24
Memory Utilized: 4.06 MB
Memory Efficiency: 0.00% of 502.97 GB
 Requested wall clock time: 00:20:00
    Actual wall clock time: 00:00:24
Wall clock time efficiency: 2.0%
           Job queued time: 00:00:01
