g++ -std=c++17 -ggdb -Iinclude -O3 -funroll-all-loops -fopenmp -Iinclude/include_serial src/src_parallel/rng.cpp src/src_parallel/main.cpp -o bin/main_parallel 
Running with 96 threads and job ID 14736855...
Running with L = 1000, r = 1, and sf = 1000000

Number of circles: 167215, Packing Fraction = 0.525321, Time = 133.721032
mv: cannot stat 'mean_sizes_14736855.txt': No such file or directory
mv: cannot stat 'mean_times_14736855.txt': No such file or directory

Job completed at Tue Jan 7 10:18:21 GMT 2025

============================
 Job utilisation efficiency
============================

Job ID: 14736855
Cluster: viking2.yor.alces.network
User/Group: bmjm501/clusterusers
State: COMPLETED (exit code 0)
Nodes: 1
Cores per node: 96
CPU Utilized: 03:33:08
CPU Efficiency: 93.81% of 03:47:12 core-walltime
Job Wall-clock time: 00:02:22
Memory Utilized: 45.88 MB
Memory Efficiency: 0.01% of 502.97 GB
 Requested wall clock time: 00:20:00
    Actual wall clock time: 00:02:22
Wall clock time efficiency: 11.8%
           Job queued time: 00:00:00
