g++ -std=c++17 -ggdb -Iinclude -O3 -funroll-all-loops -fopenmp -DVIK -Iinclude/include_serial src/src_parallel/rng.cpp src/src_parallel/main.cpp -o bin/main_parallel_vik 
Running with 1 threads and job ID 14737529...
Running with L = 1000, r = 2, and sf = 100000
slurmstepd: error: *** JOB 14737529 ON node003 CANCELLED AT 2025-01-07T10:47:16 ***

============================
 Job utilisation efficiency
============================

Job ID: 14737529
Cluster: viking2.yor.alces.network
User/Group: bmjm501/clusterusers
State: CANCELLED (exit code 0)
Nodes: 1
Cores per node: 96
CPU Utilized: 00:00:00
CPU Efficiency: 0.00% of 08:32:00 core-walltime
Job Wall-clock time: 00:05:20
Memory Utilized: 18.01 MB
Memory Efficiency: 0.00% of 502.97 GB
 Requested wall clock time: 00:20:00
    Actual wall clock time: 00:05:20
Wall clock time efficiency: 26.7%
           Job queued time: 00:00:01
