g++ -std=c++17 -ggdb -Iinclude -O3 -funroll-all-loops -fopenmp -Iinclude/include_serial src/src_parallel/rng.cpp src/src_parallel/main.cpp -o bin/main_parallel 
Running with 8 threads and job ID 14729507...
Running with L = 500, r = 1.234, and sf = 1000000
Mean number of circles: 26646, Mean Packing Fraction: 0.509885, Mean Elapsed Time: 122.714003
Running with 16 threads and job ID 14729507...
Running with L = 500, r = 1.234, and sf = 1000000
Mean number of circles: 26830, Mean Packing Fraction: 0.513406, Mean Elapsed Time: 115.333433
./run_parallel_viking.sh: line 55: mean_sizes_14729507.txt: command not found

Job completed at Mon Jan 6 19:59:29 GMT 2025

============================
 Job utilisation efficiency
============================

Job ID: 14729507
Cluster: viking2.yor.alces.network
User/Group: bmjm501/clusterusers
State: COMPLETED (exit code 0)
Nodes: 1
Cores per node: 96
CPU Utilized: 03:54:45
CPU Efficiency: 12.30% of 1-07:48:48 core-walltime
Job Wall-clock time: 00:19:53
Memory Utilized: 37.14 MB
Memory Efficiency: 0.01% of 502.97 GB
 Requested wall clock time: 00:20:00
    Actual wall clock time: 00:19:53
Wall clock time efficiency: 99.4%
           Job queued time: 00:00:00
