g++ -std=c++17 -ggdb -Iinclude -O3 -funroll-all-loops -fopenmp -Iinclude/include_serial src/src_parallel/rng.cpp src/src_parallel/main.cpp -o bin/main_parallel 
Running with 40 threads and job ID 14729541...
Running with L = 500, r = 1.234, and sf = 1000000
Mean number of circles: 26715, Mean Packing Fraction: 0.511205, Mean Elapsed Time: 65.159961

Job completed at Mon Jan 6 19:54:27 GMT 2025

============================
 Job utilisation efficiency
============================

Job ID: 14729541
Cluster: viking2.yor.alces.network
User/Group: bmjm501/clusterusers
State: COMPLETED (exit code 0)
Nodes: 1
Cores per node: 96
CPU Utilized: 03:36:23
CPU Efficiency: 41.23% of 08:44:48 core-walltime
Job Wall-clock time: 00:05:28
Memory Utilized: 36.52 MB
Memory Efficiency: 0.01% of 502.97 GB
 Requested wall clock time: 00:20:00
    Actual wall clock time: 00:05:28
Wall clock time efficiency: 27.3%
           Job queued time: 00:08:22
