g++ -std=c++17 -ggdb -Iinclude -O3 -funroll-all-loops -fopenmp -Iinclude/include_serial src/src_parallel/rng.cpp src/src_parallel/main.cpp -o bin/main_parallel 
Running with 11 threads and job ID 14717004...
File add on 14717004
Running with L = 500, r = 1.234, and sf = 1000000

Number of circles: 26885, Packing Fraction = 0.514458, Time = 140.636933
Running with 12 threads and job ID 14717004...
File add on 14717004
Running with L = 500, r = 1.234, and sf = 1000000

Number of circles: 26552, Packing Fraction = 0.508086, Time = 88.657681
Running with 13 threads and job ID 14717004...
File add on 14717004
Running with L = 500, r = 1.234, and sf = 1000000

Number of circles: 26803, Packing Fraction = 0.512889, Time = 129.430096
Running with 14 threads and job ID 14717004...
File add on 14717004
Running with L = 500, r = 1.234, and sf = 1000000

Number of circles: 26664, Packing Fraction = 0.510229, Time = 102.686902
Running with 15 threads and job ID 14717004...
File add on 14717004
Running with L = 500, r = 1.234, and sf = 1000000

Number of circles: 26821, Packing Fraction = 0.513234, Time = 123.799304
Execution completed for all thread configurations from 11 to 15.

Job completed at Mon Jan 6 14:34:01 GMT 2025

============================
 Job utilisation efficiency
============================

Job ID: 14717004
Cluster: viking2.yor.alces.network
User/Group: bmjm501/clusterusers
State: COMPLETED (exit code 0)
Nodes: 1
Cores per node: 96
CPU Utilized: 02:06:04
CPU Efficiency: 13.40% of 15:40:48 core-walltime
Job Wall-clock time: 00:09:48
Memory Utilized: 35.88 MB
Memory Efficiency: 0.01% of 502.97 GB
 Requested wall clock time: 00:20:00
    Actual wall clock time: 00:09:48
Wall clock time efficiency: 49.0%
           Job queued time: 00:05:13
