g++ -std=c++17 -ggdb -Iinclude -O3 -funroll-all-loops -fopenmp -Iinclude/include_serial src/src_parallel/rng.cpp src/src_parallel/main.cpp -o bin/main_parallel 
Running with 25 threads and job ID 14717066...
File add on 14717066
Running with L = 500, r = 1.234, and sf = 1000000

Number of circles: 26802, Packing Fraction = 0.512870, Time = 97.036518
Running with 26 threads and job ID 14717066...
File add on 14717066
Running with L = 500, r = 1.234, and sf = 1000000

Number of circles: 26941, Packing Fraction = 0.515530, Time = 106.319825
Running with 27 threads and job ID 14717066...
File add on 14717066
Running with L = 500, r = 1.234, and sf = 1000000

Number of circles: 26985, Packing Fraction = 0.516372, Time = 112.759296
Running with 28 threads and job ID 14717066...
File add on 14717066
Running with L = 500, r = 1.234, and sf = 1000000

Number of circles: 26788, Packing Fraction = 0.512602, Time = 83.854195
Running with 29 threads and job ID 14717066...
File add on 14717066
Running with L = 500, r = 1.234, and sf = 1000000

Number of circles: 26856, Packing Fraction = 0.513903, Time = 91.373689
Running with 30 threads and job ID 14717066...
File add on 14717066
Running with L = 500, r = 1.234, and sf = 1000000

Number of circles: 26786, Packing Fraction = 0.512564, Time = 90.622074
Running with 31 threads and job ID 14717066...
File add on 14717066
Running with L = 500, r = 1.234, and sf = 1000000

Number of circles: 26732, Packing Fraction = 0.511531, Time = 82.071463
Running with 32 threads and job ID 14717066...
File add on 14717066
Running with L = 500, r = 1.234, and sf = 1000000

Number of circles: 26754, Packing Fraction = 0.511952, Time = 76.397369
Execution completed for all thread configurations from 25 to 32.

Job completed at Mon Jan 6 14:44:06 GMT 2025

============================
 Job utilisation efficiency
============================

Job ID: 14717066
Cluster: viking2.yor.alces.network
User/Group: bmjm501/clusterusers
State: COMPLETED (exit code 0)
Nodes: 1
Cores per node: 96
CPU Utilized: 05:47:43
CPU Efficiency: 29.25% of 19:48:48 core-walltime
Job Wall-clock time: 00:12:23
Memory Utilized: 35.69 MB
Memory Efficiency: 0.01% of 502.97 GB
 Requested wall clock time: 00:20:00
    Actual wall clock time: 00:12:23
Wall clock time efficiency: 61.9%
           Job queued time: 00:11:52
