g++ -std=c++17 -ggdb -Iinclude -O3 -funroll-all-loops -fopenmp -DVIK -Iinclude/include_serial src/src_parallel/rng.cpp src/src_parallel/main.cpp -o bin/main_parallel_vik 
Running with 1 threads and job ID 14741426...
Running with L = 700, r = 1, and sf = 10000
Running with 96 threads and job ID 14741426...
./run_parallel_viking_ratio.sh: line 70: ./bin/main_parallel_vik: No such file or directory
mv: cannot stat '*.bin': No such file or directory

Job completed at Tue Jan 7 17:16:29 GMT 2025

============================
 Job utilisation efficiency
============================

Job ID: 14741426
Cluster: viking2.yor.alces.network
User/Group: bmjm501/clusterusers
State: COMPLETED (exit code 0)
Nodes: 1
Cores per node: 96
CPU Utilized: 00:00:29
CPU Efficiency: 1.01% of 00:48:00 core-walltime
Job Wall-clock time: 00:00:30
Memory Utilized: 4.06 MB
Memory Efficiency: 0.00% of 502.97 GB
 Requested wall clock time: 00:20:00
    Actual wall clock time: 00:00:30
Wall clock time efficiency: 2.5%
           Job queued time: 00:05:24
