g++ -std=c++17 -ggdb -Iinclude -O3 -funroll-all-loops -fopenmp -DVIK -Iinclude/include_serial src/src_parallel/rng.cpp src/src_parallel/main.cpp -o bin/main_parallel_vik 
Running with 2 threads and job ID 14741204...
Running with L = 500, r = 1.234, and sf = 1000000

Job completed at Tue Jan 7 15:40:51 GMT 2025

============================
 Job utilisation efficiency
============================

Job ID: 14741204
Cluster: viking2.yor.alces.network
User/Group: bmjm501/clusterusers
State: COMPLETED (exit code 0)
Nodes: 1
Cores per node: 2
CPU Utilized: 00:08:24
CPU Efficiency: 99.21% of 00:08:28 core-walltime
Job Wall-clock time: 00:04:14
Memory Utilized: 36.67 MB
Memory Efficiency: 0.34% of 10.48 GB
 Requested wall clock time: 00:20:00
    Actual wall clock time: 00:04:14
Wall clock time efficiency: 21.2%
           Job queued time: 00:00:24
