g++ -std=c++17 -ggdb -Iinclude -O3 -funroll-all-loops -fopenmp -DVIK -Iinclude/include_serial src/src_parallel/rng.cpp src/src_parallel/main.cpp -o bin/main_parallel_vik 
Running with 3 threads and job ID 14741206...
Running with L = 500, r = 1.234, and sf = 1000000

Job completed at Tue Jan 7 15:39:18 GMT 2025

============================
 Job utilisation efficiency
============================

Job ID: 14741206
Cluster: viking2.yor.alces.network
User/Group: bmjm501/clusterusers
State: COMPLETED (exit code 0)
Nodes: 1
Cores per node: 3
CPU Utilized: 00:07:59
CPU Efficiency: 99.17% of 00:08:03 core-walltime
Job Wall-clock time: 00:02:41
Memory Utilized: 36.22 MB
Memory Efficiency: 0.23% of 15.72 GB
 Requested wall clock time: 00:20:00
    Actual wall clock time: 00:02:41
Wall clock time efficiency: 13.4%
           Job queued time: 00:00:21
