
The following have been reloaded with a version change:
  1) FFTW/3.3.10-GCC-13.2.0 => FFTW/3.3.10-GCC-12.3.0
  2) FlexiBLAS/3.3.1-GCC-13.2.0 => FlexiBLAS/3.3.1-GCC-12.3.0
  3) GCC/13.2.0 => GCC/12.3.0
  4) GCCcore/13.2.0 => GCCcore/12.3.0
  5) OpenBLAS/0.3.24-GCC-13.2.0 => OpenBLAS/0.3.23-GCC-12.3.0
  6) XZ/5.4.4-GCCcore-13.2.0 => XZ/5.4.2-GCCcore-12.3.0
  7) binutils/2.40-GCCcore-13.2.0 => binutils/2.40-GCCcore-12.3.0
  8) libpciaccess/0.17-GCCcore-13.2.0 => libpciaccess/0.17-GCCcore-12.3.0
  9) zlib/1.2.13-GCCcore-13.2.0 => zlib/1.2.13-GCCcore-12.3.0

mkdir: cannot create directory ‘plots’: File exists
rm -rf bin/*
g++ -std=c++17 -ggdb -Iinclude -O3 -funroll-all-loops -Iinclude/include_serial src/src_serial/vtimer_t.cpp src/src_serial/rng.cpp src/src_serial/main.cpp -o bin/main_serial 
Running with L = 500 and r = 1.234 and sf = 10000000

Number of circles: 28303, Packing Fraction = 0.541592, Time = 805.948486

real	13m25.989s
user	13m23.599s
sys	0m0.012s
Plotting points now!
[0.5094065513536193, 0.5192996127356043, 0.5236051036658685, 0.5280636787180977, 0.5295945199377472, 0.5308765994592037, 0.5327327444380288, 0.533421622986871, 0.5339574174137484, 0.5348185155998012, 0.5350672772979942, 0.5353734455419241, 0.5359092399688015, 0.5362154082127314, 0.5364067633651876, 0.5368660157310824, 0.5369234222768192, 0.5371147774292754, 0.5373635391274685, 0.5375740297951703, 0.5377271139171352, 0.5380141466458195, 0.5381480952525388, 0.5383585859202407, 0.5385882121031881, 0.538741296225153, 0.5387987027708899, 0.5390474644690829, 0.5391240065300654, 0.5391814130758023, 0.5394110392587497, 0.5394301747739954, 0.539544987865469, 0.5396789364721883, 0.5397172075026796, 0.5397937495636621, 0.5399276981703814, 0.539946833685627, 0.5399659692008726, 0.5400616467771008, 0.5400807822923464, 0.5400807822923464, 0.5401573243533289, 0.5402338664143113, 0.5402912729600482, 0.5403104084752938, 0.5403295439905395, 0.5403869505362763, 0.5403869505362763, 0.5404060860515219, 0.5404252215667675, 0.5404443570820131, 0.5404634925972587, 0.5405400346582412, 0.5405591701734869, 0.5405783056887324, 0.5406165767192237, 0.5406931187802062, 0.5407313898106973, 0.540750525325943, 0.5407696608411886, 0.5407887963564343, 0.5408270673869255, 0.5408653384174167, 0.5409036094479079, 0.5409036094479079, 0.5409227449631536, 0.5409227449631536, 0.5409227449631536, 0.5409418804783992, 0.5409801515088904, 0.5409801515088904, 0.540999287024136, 0.5410375580546273, 0.5410375580546273, 0.5410758290851185, 0.5410949646003641, 0.5411141001156098, 0.5411332356308554, 0.5411332356308554, 0.5411332356308554, 0.5411715066613466, 0.5411715066613466, 0.5411906421765923, 0.5412480487223291, 0.5412480487223291, 0.5412480487223291, 0.541305455268066, 0.541305455268066, 0.5413437262985572, 0.5413628618138028, 0.5413628618138028, 0.5414202683595397, 0.5414585393900309, 0.5414585393900309, 0.5414968104205221, 0.5415159459357678, 0.5415350814510134, 0.541554216966259, 0.5415924879967502, 0.5415924879967502, 0.5415924879967502, 0.5415924879967502, 0.5415924879967502, 0.5415924879967502, 0.5415924879967502]

Job completed at Mon Dec 16 14:52:30 GMT 2024

============================
 Job utilisation efficiency
============================

Job ID: 14331973
Cluster: viking2.yor.alces.network
User/Group: bmjm501/clusterusers
State: COMPLETED (exit code 0)
Cores: 1
CPU Utilized: 00:15:35
CPU Efficiency: 99.36% of 00:15:41 core-walltime
Job Wall-clock time: 00:15:41
Memory Utilized: 375.61 MB
Memory Efficiency: 7.00% of 5.24 GB
 Requested wall clock time: 00:20:00
    Actual wall clock time: 00:15:41
Wall clock time efficiency: 78.4%
           Job queued time: 00:00:01
