
The following have been reloaded with a version change:
  1) FFTW/3.3.10-GCC-13.2.0 => FFTW/3.3.10-GCC-12.3.0
  2) FlexiBLAS/3.3.1-GCC-13.2.0 => FlexiBLAS/3.3.1-GCC-12.3.0
  3) GCC/13.2.0 => GCC/12.3.0
  4) GCCcore/13.2.0 => GCCcore/12.3.0
  5) OpenBLAS/0.3.24-GCC-13.2.0 => OpenBLAS/0.3.23-GCC-12.3.0
  6) XZ/5.4.4-GCCcore-13.2.0 => XZ/5.4.2-GCCcore-12.3.0
  7) binutils/2.40-GCCcore-13.2.0 => binutils/2.40-GCCcore-12.3.0
  8) libpciaccess/0.17-GCCcore-13.2.0 => libpciaccess/0.17-GCCcore-12.3.0
  9) zlib/1.2.13-GCCcore-13.2.0 => zlib/1.2.13-GCCcore-12.3.0

mkdir: cannot create directory ‘plots’: File exists
g++ -std=c++17 -ggdb -Iinclude -O3 -funroll-all-loops -Iinclude/include_serial src/src_serial/vtimer_t.cpp src/src_serial/rng.cpp src/src_serial/main.cpp -o bin/main_serial 
mkdir: cannot create directory ‘plots’: File exists
Running with L = 500 and r = 1.234 and sf = 1250000

Number of circles: 28199, Packing Fraction = 0.539602, Time = 253.402379, sf = 1250000

real	4m13.530s
user	4m12.727s
sys	0m0.009s
Plotting points now!

Job completed at Mon Jan 6 12:12:28 GMT 2025

============================
 Job utilisation efficiency
============================

Job ID: 14712771
Cluster: viking2.yor.alces.network
User/Group: bmjm501/clusterusers
State: COMPLETED (exit code 0)
Cores: 1
CPU Utilized: 00:06:24
CPU Efficiency: 99.22% of 00:06:27 core-walltime
Job Wall-clock time: 00:06:27
Memory Utilized: 297.34 MB
Memory Efficiency: 5.54% of 5.24 GB
 Requested wall clock time: 00:20:00
    Actual wall clock time: 00:06:27
Wall clock time efficiency: 32.2%
           Job queued time: 00:00:15
