
The following have been reloaded with a version change:
  1) FFTW/3.3.10-GCC-13.2.0 => FFTW/3.3.10-GCC-12.3.0
  2) FlexiBLAS/3.3.1-GCC-13.2.0 => FlexiBLAS/3.3.1-GCC-12.3.0
  3) GCC/13.2.0 => GCC/12.3.0
  4) GCCcore/13.2.0 => GCCcore/12.3.0
  5) OpenBLAS/0.3.24-GCC-13.2.0 => OpenBLAS/0.3.23-GCC-12.3.0
  6) XZ/5.4.4-GCCcore-13.2.0 => XZ/5.4.2-GCCcore-12.3.0
  7) binutils/2.40-GCCcore-13.2.0 => binutils/2.40-GCCcore-12.3.0
  8) libpciaccess/0.17-GCCcore-13.2.0 => libpciaccess/0.17-GCCcore-12.3.0
  9) zlib/1.2.13-GCCcore-13.2.0 => zlib/1.2.13-GCCcore-12.3.0

mkdir: cannot create directory ‘plots’: File exists
g++ -std=c++17 -ggdb -Iinclude -O3 -funroll-all-loops -Iinclude/include_serial src/src_serial/vtimer_t.cpp src/src_serial/rng.cpp src/src_serial/main.cpp -o bin/main_serial 
mkdir: cannot create directory ‘plots’: File exists
Running with L = 500 and r = 1.234 and sf = 1500000

Number of circles: 28226, Packing Fraction = 0.540119, Time = 290.254791, sf = 1500000

real	4m50.339s
user	4m49.487s
sys	0m0.013s
Plotting points now!

Job completed at Mon Jan 6 12:22:47 GMT 2025

============================
 Job utilisation efficiency
============================

Job ID: 14712826
Cluster: viking2.yor.alces.network
User/Group: bmjm501/clusterusers
State: COMPLETED (exit code 0)
Cores: 1
CPU Utilized: 00:07:00
CPU Efficiency: 99.53% of 00:07:02 core-walltime
Job Wall-clock time: 00:07:02
Memory Utilized: 393.03 MB
Memory Efficiency: 7.33% of 5.24 GB
 Requested wall clock time: 00:20:00
    Actual wall clock time: 00:07:02
Wall clock time efficiency: 35.2%
           Job queued time: 00:00:13
