
The following have been reloaded with a version change:
  1) FFTW/3.3.10-GCC-13.2.0 => FFTW/3.3.10-GCC-12.3.0
  2) FlexiBLAS/3.3.1-GCC-13.2.0 => FlexiBLAS/3.3.1-GCC-12.3.0
  3) GCC/13.2.0 => GCC/12.3.0
  4) GCCcore/13.2.0 => GCCcore/12.3.0
  5) OpenBLAS/0.3.24-GCC-13.2.0 => OpenBLAS/0.3.23-GCC-12.3.0
  6) XZ/5.4.4-GCCcore-13.2.0 => XZ/5.4.2-GCCcore-12.3.0
  7) binutils/2.40-GCCcore-13.2.0 => binutils/2.40-GCCcore-12.3.0
  8) libpciaccess/0.17-GCCcore-13.2.0 => libpciaccess/0.17-GCCcore-12.3.0
  9) zlib/1.2.13-GCCcore-13.2.0 => zlib/1.2.13-GCCcore-12.3.0

mkdir: cannot create directory ‘plots’: File exists
g++ -std=c++17 -ggdb -Iinclude -O3 -funroll-all-loops -Iinclude/include_serial src/src_serial/vtimer_t.cpp src/src_serial/rng.cpp src/src_serial/main.cpp -o bin/main_serial 
./run_serial.sh: line 35: unexpected EOF while looking for matching `"'
./run_serial.sh: line 36: syntax error: unexpected end of file
Traceback (most recent call last):
  File "/mnt/scratch/users/bmjm501/scientific_sc_2425/assignments/final/Q4/graphing/graph.py", line 119, in <module>
    circle_centers = load_coordinates("coords.bin")
                     ^^^^^^^^^^^^^^^^^^^^^^^^^^^^^^
  File "/mnt/scratch/users/bmjm501/scientific_sc_2425/assignments/final/Q4/graphing/graph.py", line 9, in load_coordinates
    with open(filename, "rb") as file:
         ^^^^^^^^^^^^^^^^^^^^
FileNotFoundError: [Errno 2] No such file or directory: 'coords.bin'

Job completed at Mon Jan 6 11:03:00 GMT 2025

============================
 Job utilisation efficiency
============================

Job ID: 14712436
Cluster: viking2.yor.alces.network
User/Group: bmjm501/clusterusers
State: COMPLETED (exit code 0)
Cores: 1
CPU Utilized: 00:00:03
CPU Efficiency: 75.00% of 00:00:04 core-walltime
Job Wall-clock time: 00:00:04
Memory Utilized: 1.74 MB
Memory Efficiency: 0.03% of 5.24 GB
 Requested wall clock time: 00:20:00
    Actual wall clock time: 00:00:04
Wall clock time efficiency: 0.3%
           Job queued time: 00:00:28
